Microchip MPLAB XC8 Compiler V2.45

Linker command line:

-W-3 \
  --edf=C:\Program Files\Microchip\xc8\v2.45\pic\dat\20230818022343_en.msgs \
  -cn -h+dist/default/debug\final-project-andres-oscar.X.debug.sym \
  --cmf=dist/default/debug\final-project-andres-oscar.X.debug.cmf -z \
  -Q18F67K40 -oC:\Users\ablan\AppData\Local\Temp\xcAs9ec.\driver_tmp_3.o \
  --defsym=__MPLAB_BUILD=1 --fixupoverflow=error \
  -Mdist/default/debug/final-project-andres-oscar.X.debug.map \
  --md=C:\Users\ablan\AppData\Local\Temp\xcAs9ec.\driver_tmp_0.dat -E1 \
  -ver=XC8 Compiler --acfsm=1493 -ACODE=00h-01FFFFh -ACONST=00h-01FFFFh \
  -ASMALLCONST=0E00h-0EFFhx498 -AMEDIUMCONST=0E00h-0FFFFh,010E00h-01FFFFh \
  -ACOMRAM=01h-05Fh -AABS1=00h-0DE9h -ABIGRAM=01h-0DE9h \
  -ARAM=060h-0FFh,0100h-01FFhx12,0D00h-0DE9h -ABANK0=060h-0FFh \
  -ABANK1=0100h-01FFh -ABANK2=0200h-02FFh -ABANK3=0300h-03FFh \
  -ABANK4=0400h-04FFh -ABANK5=0500h-05FFh -ABANK6=0600h-06FFh \
  -ABANK7=0700h-07FFh -ABANK8=0800h-08FFh -ABANK9=0900h-09FFh \
  -ABANK10=0A00h-0AFFh -ABANK11=0B00h-0BFFh -ABANK12=0C00h-0CFFh \
  -ABANK13=0D00h-0DE9h \
  -ASFR=0DEFh-0DFFh,0E00h-0EFFh,0F00h-0F5Fh,0F60h-0FFFh \
  -ABIGSFR=0DEFh-0FFFh -ACONFIG=0300000h-030000Bh -AIDLOC=0200000h-020000Fh \
  -AEEDATA=0310000h-03103FFh -peeprom_data=EEDATA \
  -preset_vec=00h,intcode,intcodelo=018h,powerup,init -pramtop=0E00h \
  -psmallconst=SMALLCONST -pmediumconst=MEDIUMCONST -pconst=CONST \
  -AFARRAM=00h-00h \
  -prdata=COMRAM,nvrram=COMRAM,nvbit=COMRAM,rbss=COMRAM,rbit=COMRAM \
  -pfarbss=FARRAM,fardata=FARRAM,nvFARRAM=FARRAM \
  -pintsave_regs=BIGRAM,bigbss=BIGRAM,bigdata=BIGRAM -pbss=RAM \
  -pidata=CODE,irdata=CODE,ibigdata=CODE,ifardata=CODE -prparam=COMRAM \
  C:\Users\ablan\AppData\Local\Temp\xcAs9ec.\driver_tmp_14.o \
  dist/default/debug\final-project-andres-oscar.X.debug.o 

Object code version is 3.11

Machine type is 18F67K40



                Name                               Link     Load   Length Selector   Space Scale
C:\Users\ablan\AppData\Local\Temp\xcAs9ec.\driver_tmp_14.o
                config                           300000   300000        6        0       4
                init                                 3A       3A        4        C       0
                reset_vec                             0        0        4        0       0
dist/default/debug\final-project-andres-oscar.X.debug.o
                intcodelo                            18       18       22        C       0
                config                           300000   300000        6        0       4
                temp                                 5B       5B        1        1       1
                smallconst                          E00      E00       C6      700       0
                text74                             4880     4880       1A      763       0
                text73                             47D6     47D6       28      763       0
                text72                             42FE     42FE       42      763       0
                text71                             48D2     48D2        A      763       0
                text70                             48C8     48C8        A      763       0
                text69                             48BE     48BE        A      763       0
                text68                             48B2     48B2        C      763       0
                text67                             41A0     41A0       50      763       0
                text66                             4150     4150       50      763       0
                text65                             4100     4100       50      763       0
                text64                             40B0     40B0       50      763       0
                text63                             489A     489A       18      763       0
                text62                             46EA     46EA       32      763       0
                text61                             3936     3936       C4      763       0
                text60                             39FA     39FA       B0      763       0
                text59                             445E     445E       34      763       0
                text58                             48DE     48DE        2      763       0
                text57                             3C02     3C02       AA      763       0
                text56                             4340     4340       40      763       0
                text55                             3CAC     3CAC       96      763       0
                text54                             2F10     2F10      178      763       0
                text53                             47FE     47FE       26      763       0
                text52                             3AAA     3AAA       AE      763       0
                text51                             2D88     2D88      188      763       0
                text50                             42BC     42BC       42      763       0
                text49                             442A     442A       34      763       0
                text48                             4862     4862       1E      763       0
                text47                             298E     298E      246      763       0
                text46                             47AC     47AC       2A      763       0
                text45                             4824     4824       20      763       0
                text44                             43F6     43F6       34      763       0
                text43                             4236     4236       44      763       0
                text42                             3FD2     3FD2       74      763       0
                text41                             31E6     31E6      154      763       0
                text40                             3F5C     3F5C       76      763       0
                text39                             3DD2     3DD2       8E      763       0
                text38                             477C     477C       30      763       0
                text37                             3EDE     3EDE       7E      763       0
                text36                             46B8     46B8       32      763       0
                text35                             4686     4686       32      763       0
                text34                             474C     474C       30      763       0
                text33                             4654     4654       32      763       0
                text32                             4622     4622       32      763       0
                text31                             45F0     45F0       32      763       0
                text30                             3E60     3E60       7E      763       0
                text29                             45BE     45BE       32      763       0
                text28                             458C     458C       32      763       0
                text27                             455A     455A       32      763       0
                text26                             4528     4528       32      763       0
                text25                             471C     471C       30      763       0
                text24                             44F6     44F6       32      763       0
                text23                             44C4     44C4       32      763       0
                text22                             2742     2742      24C      763       0
                text21                             4380     4380       3E      763       0
                text20                             3D42     3D42       90      763       0
                text19                             4844     4844       1E      763       0
                text18                             23A8     23A8      39A      763       0
                text17                             3B58     3B58       AA      763       0
                text16                             365C     365C      104      763       0
                text15                             1F7E     1F7E      42A      763       0
                text14                             1658     1658      4C0      763       0
                text13                             41F0     41F0       46      763       0
                text12                             3556     3556      106      763       0
                text11                             2BD4     2BD4      1B4      763       0
                text10                              EC6      EC6      792      763       0
                text9                              384C     384C       EA      763       0
                text8                              344A     344A      10C      763       0
                text7                              4046     4046       6A      763       0
                text6                              4492     4492       32      763       0
                text5                              43BE     43BE       38      763       0
                text4                              48DC     48DC        2      763       0
                text3                              3760     3760       EC      763       0
                text2                              3088     3088      15E      763       0
                text1                              333A     333A      110      763       0
                text0                              1B18     1B18      466      763       0
                cstackCOMRAM                          1        1       59        1       1
                cstackBANK0                          60       60       4C       60       1
                bssBANK2                            200      200       64      200       1
                bssBANK1                            100      100       A2      100       1
                dataBANK0                            EF       EF        1       60       1
                bssBANK0                             AC       AC       43       60       1
                bssCOMRAM                            5A       5A        1        1       1
                cinit                              427A     427A       42      763       0
                idataBANK0                         48E0     48E0        1      763       0

TOTAL           Name                               Link     Load   Length     Space
        CLASS   CODE           
                intcodelo                            18       18       22         0
                init                                 3A       3A        4         0
                reset_vec                             0        0        4         0
                text74                             4880     4880       1A         0
                text73                             47D6     47D6       28         0
                text72                             42FE     42FE       42         0
                text71                             48D2     48D2        A         0
                text70                             48C8     48C8        A         0
                text69                             48BE     48BE        A         0
                text68                             48B2     48B2        C         0
                text67                             41A0     41A0       50         0
                text66                             4150     4150       50         0
                text65                             4100     4100       50         0
                text64                             40B0     40B0       50         0
                text63                             489A     489A       18         0
                text62                             46EA     46EA       32         0
                text61                             3936     3936       C4         0
                text60                             39FA     39FA       B0         0
                text59                             445E     445E       34         0
                text58                             48DE     48DE        2         0
                text57                             3C02     3C02       AA         0
                text56                             4340     4340       40         0
                text55                             3CAC     3CAC       96         0
                text54                             2F10     2F10      178         0
                text53                             47FE     47FE       26         0
                text52                             3AAA     3AAA       AE         0
                text51                             2D88     2D88      188         0
                text50                             42BC     42BC       42         0
                text49                             442A     442A       34         0
                text48                             4862     4862       1E         0
                text47                             298E     298E      246         0
                text46                             47AC     47AC       2A         0
                text45                             4824     4824       20         0
                text44                             43F6     43F6       34         0
                text43                             4236     4236       44         0
                text42                             3FD2     3FD2       74         0
                text41                             31E6     31E6      154         0
                text40                             3F5C     3F5C       76         0
                text39                             3DD2     3DD2       8E         0
                text38                             477C     477C       30         0
                text37                             3EDE     3EDE       7E         0
                text36                             46B8     46B8       32         0
                text35                             4686     4686       32         0
                text34                             474C     474C       30         0
                text33                             4654     4654       32         0
                text32                             4622     4622       32         0
                text31                             45F0     45F0       32         0
                text30                             3E60     3E60       7E         0
                text29                             45BE     45BE       32         0
                text28                             458C     458C       32         0
                text27                             455A     455A       32         0
                text26                             4528     4528       32         0
                text25                             471C     471C       30         0
                text24                             44F6     44F6       32         0
                text23                             44C4     44C4       32         0
                text22                             2742     2742      24C         0
                text21                             4380     4380       3E         0
                text20                             3D42     3D42       90         0
                text19                             4844     4844       1E         0
                text18                             23A8     23A8      39A         0
                text17                             3B58     3B58       AA         0
                text16                             365C     365C      104         0
                text15                             1F7E     1F7E      42A         0
                text14                             1658     1658      4C0         0
                text13                             41F0     41F0       46         0
                text12                             3556     3556      106         0
                text11                             2BD4     2BD4      1B4         0
                text10                              EC6      EC6      792         0
                text9                              384C     384C       EA         0
                text8                              344A     344A      10C         0
                text7                              4046     4046       6A         0
                text6                              4492     4492       32         0
                text5                              43BE     43BE       38         0
                text4                              48DC     48DC        2         0
                text3                              3760     3760       EC         0
                text2                              3088     3088      15E         0
                text1                              333A     333A      110         0
                text0                              1B18     1B18      466         0
                cinit                              427A     427A       42         0
                idataBANK0                         48E0     48E0        1         0

        CLASS   CONST          

        CLASS   SMALLCONST     
                smallconst                          E00      E00       C6         0

        CLASS   MEDIUMCONST    

        CLASS   COMRAM         
                temp                                 5B       5B        1         1
                cstackCOMRAM                          1        1       59         1
                bssCOMRAM                            5A       5A        1         1

        CLASS   ABS1           

        CLASS   BIGRAM         

        CLASS   RAM            

        CLASS   BANK0          
                cstackBANK0                          60       60       4C         1
                dataBANK0                            EF       EF        1         1
                bssBANK0                             AC       AC       43         1

        CLASS   BANK1          
                bssBANK1                            100      100       A2         1

        CLASS   BANK2          
                bssBANK2                            200      200       64         1

        CLASS   BANK3          

        CLASS   BANK4          

        CLASS   BANK5          

        CLASS   BANK6          

        CLASS   BANK7          

        CLASS   BANK8          

        CLASS   BANK9          

        CLASS   BANK10         

        CLASS   BANK11         

        CLASS   BANK12         

        CLASS   BANK13         

        CLASS   SFR            

        CLASS   BIGSFR         

        CLASS   CONFIG         
                config                           300000   300000        6         4

        CLASS   IDLOC          

        CLASS   EEDATA         

        CLASS   FARRAM         

        CLASS   HEAP           

        CLASS   STACK          



SEGMENTS        Name                           Load    Length   Top    Selector   Space  Class

                reset_vec                      000000  000004  000004         0       0  CODE    
                cstackCOMRAM                   000001  00005B  00005C         1       1  COMRAM  
                intcodelo                      000018  000026  00003E         C       0  CODE    
                cstackBANK0                    000060  000090  0000F0        60       1  BANK0   
                bssBANK1                       000100  0000A2  0001A2       100       1  BANK1   
                bssBANK2                       000200  000064  000264       200       1  BANK2   
                smallconst                     000E00  0000C6  000EC6       700       0  SMALLCON
                text10                         000EC6  003A1B  0048E1       763       0  CODE    


UNUSED ADDRESS RANGES

        Name                Unused          Largest block    Delta
        BANK0            0000F0-0000FF               10
        BANK1            0001A2-0001FF               5E
        BANK10           000A00-000AFF              100
        BANK11           000B00-000BFF              100
        BANK12           000C00-000CFF              100
        BANK13           000D00-000DE9               EA
        BANK2            000264-0002FF               9C
        BANK3            000300-0003FF              100
        BANK4            000400-0004FF              100
        BANK5            000500-0005FF              100
        BANK6            000600-0006FF              100
        BANK7            000700-0007FF              100
        BANK8            000800-0008FF              100
        BANK9            000900-0009FF              100
        BIGRAM           00005C-00005F                4
                         0000F0-0000FF               10
                         0001A2-0001FF               5E
                         000264-000DE9              B86
        BIGSFR           000DEF-000FFF              211
        CODE             000004-000017               14
                         00003E-000DFF              DC2
                         0048E1-01FFFF            1B71F
        COMRAM           00005C-00005F                4
        CONFIG           300006-30000B                6
        CONST            000004-000017               14
                         00003E-000DFF              DC2
                         0048E1-01FFFF            1B71F
        EEDATA           310000-3103FF              400
        IDLOC            200000-20000F               10
        MEDIUMCONST      0048E1-00FFFF             B71F
                         010E00-01FFFF             F200
        RAM              0000F0-0000FF               10
                         0001A2-0001FF               5E
                         000264-000DE9              100
        SFR              000DEF-000FFF              100
        SMALLCONST       0048E1-01FFFF              100

                                  Symbol Table

?___aldiv                      cstackCOMRAM 00000E
?___awdiv                      cstackCOMRAM 000002
?___awmod                      cstackCOMRAM 000002
?___fladd                      cstackCOMRAM 000002
?___fldiv                      cstackCOMRAM 00001B
?___flmul                      cstackCOMRAM 000002
?___flsub                      cstackCOMRAM 000012
?___fltol                      cstackCOMRAM 000034
?___lmul                       cstackCOMRAM 000002
?___lwdiv                      cstackCOMRAM 000008
?___wmul                       cstackCOMRAM 000002
?___xxtofl                     cstackCOMRAM 000002
?_abs                          cstackCOMRAM 000008
?_color_read_Blue              cstackCOMRAM 000006
?_color_read_Clear             cstackCOMRAM 000006
?_color_read_Green             cstackCOMRAM 000006
?_color_read_Red               cstackCOMRAM 000006
?_convert_rgb2hue              cstackCOMRAM 00003E
?_decision                     cstackCOMRAM 000021
?_get16bitTMR0val              cstackCOMRAM 000007
?_read_prec_or_width           cstackCOMRAM 000008
?_reading_hue                  cstackCOMRAM 000042
?_sprintf                      cstackCOMRAM 000032
?_vfprintf                     cstackCOMRAM 00002E
I2C_2_Master_Read@ack          cstackCOMRAM 000004
I2C_2_Master_Read@tmp          cstackCOMRAM 000005
I2C_2_Master_Write@data_byte   cstackCOMRAM 000003
_ADCON0bits                    (abs)        000F60
_ADC_init                      text74       004880
_ADPCH                         (abs)        000F5F
_ADREFbits                     (abs)        000F58
_ADRESH                        (abs)        000F64
_ANSELDbits                    (abs)        000EA7
_ANSELFbits                    (abs)        000EB4
_BAUD4CONbits                  (abs)        000EE9
_CCP1CONbits                   (abs)        000FAB
_CCP2CONbits                   (abs)        000FA7
_CCP3CONbits                   (abs)        000F26
_CCP4CONbits                   (abs)        000F22
_CCPR1H                        (abs)        000FAA
_CCPR2H                        (abs)        000FA6
_CCPR3H                        (abs)        000F25
_CCPR4H                        (abs)        000F21
_CCPTMRS0bits                  (abs)        000FAD
_EUSART4RXbuf                  bssBANK0     0000AC
_EUSART4TXbuf                  bssBANK1     000100
_I2C_2_Master_Idle             text73       0047D6
_I2C_2_Master_Init             text46       0047AC
_I2C_2_Master_Read             text72       0042FE
_I2C_2_Master_RepStart         text71       0048D2
_I2C_2_Master_Start            text70       0048C8
_I2C_2_Master_Stop             text69       0048BE
_I2C_2_Master_Write            text68       0048B2
_INTCONbits                    (abs)        000FF2
_IPR0bits                      (abs)        000E1F
_LATAbits                      (abs)        000F79
_LATCbits                      (abs)        000F7B
_LATDbits                      (abs)        000F7C
_LATEbits                      (abs)        000F7D
_LATFbits                      (abs)        000F7E
_LATGbits                      (abs)        000F7F
_LATHbits                      (abs)        000F80
_LowISR                        intcodelo    000018
_PIE0bits                      (abs)        000E29
_PIE4bits                      (abs)        000E2D
_PIR0bits                      (abs)        000E33
_PIR4bits                      (abs)        000E37
_PORTFbits                     (abs)        000F8E
_RC0PPS                        (abs)        000E62
_RC4REG                        (abs)        000EE3
_RC4STAbits                    (abs)        000EE7
_RC7PPS                        (abs)        000E69
_RD5PPS                        (abs)        000E6F
_RD6PPS                        (abs)        000E70
_RE2PPS                        (abs)        000E74
_RE4PPS                        (abs)        000E76
_RG6PPS                        (abs)        000E88
_RX4PPS                        (abs)        000E15
_RxBufReadCnt                  bssBANK0     0000C7
_RxBufWriteCnt                 bssBANK0     0000C8
_SP4BRGH                       (abs)        000EE6
_SP4BRGL                       (abs)        000EE5
_SSP2ADD                       (abs)        000ED6
_SSP2BUF                       (abs)        000ED5
_SSP2CLKPPS                    (abs)        000E1C
_SSP2CON1bits                  (abs)        000ED9
_SSP2CON2                      (abs)        000EDA
_SSP2CON2bits                  (abs)        000EDA
_SSP2DATPPS                    (abs)        000E1D
_SSP2STAT                      (abs)        000ED8
_T0CON0bits                    (abs)        000FD5
_T0CON1bits                    (abs)        000FD6
_T2CLKCONbits                  (abs)        000FBF
_T2CONbits                     (abs)        000FBD
_T2HLTbits                     (abs)        000FBE
_T2PR                          (abs)        000FBC
_TMR0H                         (abs)        000FD4
_TMR0L                         (abs)        000FD3
_TRISAbits                     (abs)        000F81
_TRISCbits                     (abs)        000F83
_TRISDbits                     (abs)        000F84
_TRISEbits                     (abs)        000F85
_TRISFbits                     (abs)        000F86
_TRISGbits                     (abs)        000F87
_TRISHbits                     (abs)        000F88
_TX4REG                        (abs)        000EE4
_TX4STAbits                    (abs)        000EE8
_TxBufReadCnt                  bssBANK0     0000C6
_TxBufWriteCnt                 bssCOMRAM    00005A
__HRAM                         (abs)        000000
__H__absolute__                __absolute__ 000000
__Habs1                        abs1         000000
__Hbank0                       bank0        000000
__Hbank1                       bank1        000000
__Hbank10                      bank10       000000
__Hbank11                      bank11       000000
__Hbank12                      bank12       000000
__Hbank13                      bank13       000000
__Hbank2                       bank2        000000
__Hbank3                       bank3        000000
__Hbank4                       bank4        000000
__Hbank5                       bank5        000000
__Hbank6                       bank6        000000
__Hbank7                       bank7        000000
__Hbank8                       bank8        000000
__Hbank9                       bank9        000000
__Hbigbss                      bigbss       000000
__Hbigdata                     bigdata      000000
__Hbigram                      bigram       000000
__Hbigsfr                      bigsfr       000000
__Hbss                         bss          000000
__HbssBANK0                    bssBANK0     000000
__HbssBANK1                    bssBANK1     000000
__HbssBANK2                    bssBANK2     000000
__HbssCOMRAM                   bssCOMRAM    000000
__Hcinit                       cinit        000000
__Hclrtext                     clrtext      000000
__Hcomram                      comram       000000
__Hconfig                      config       300006
__Hconst                       const        000000
__HcstackBANK0                 cstackBANK0  000000
__HcstackCOMRAM                cstackCOMRAM 000000
__Hdata                        data         000000
__HdataBANK0                   dataBANK0    000000
__Heeprom_data                 eeprom_data  000000
__Hfarbss                      farbss       000000
__Hfardata                     fardata      000000
__Hheap                        heap         000000
__Hibigdata                    ibigdata     000000
__Hidata                       idata        000000
__HidataBANK0                  idataBANK0   000000
__Hidloc                       idloc        000000
__Hifardata                    ifardata     000000
__Hinit                        init         00003E
__Hintcode                     intcode      000004
__Hintcode_body                intcode_body 000000
__Hintcodelo                   intcodelo    00003A
__Hintentry                    intentry     000000
__Hintret                      intret       000000
__Hintsave_regs                intsave_regs 000000
__Hirdata                      irdata       000000
__Hmediumconst                 mediumconst  000000
__HnvFARRAM                    nvFARRAM     000000
__Hnvbit                       nvbit        000000
__Hnvrram                      nvrram       000000
__Hparam                       rparam       000000
__Hpowerup                     powerup      00003A
__Hram                         ram          000000
__Hramtop                      ramtop       000E00
__Hrbit                        rbit         000000
__Hrbss                        rbss         000000
__Hrdata                       rdata        000000
__Hreset_vec                   reset_vec    000004
__Hrparam                      rparam       000000
__Hsfr                         sfr          000000
__Hsmallconst                  smallconst   000EC6
__Hspace_0                     (abs)        0048E1
__Hspace_1                     (abs)        000264
__Hspace_2                     (abs)        000000
__Hspace_4                     (abs)        600006
__Hstack                       stack        000000
__Hstruct                      struct       000000
__Htemp                        temp         00005C
__Htext                        text         000000
__Htext0                       text0        000000
__Htext1                       text1        000000
__Htext10                      text10       000000
__Htext11                      text11       000000
__Htext12                      text12       000000
__Htext13                      text13       000000
__Htext14                      text14       000000
__Htext15                      text15       000000
__Htext16                      text16       000000
__Htext17                      text17       000000
__Htext18                      text18       000000
__Htext19                      text19       000000
__Htext2                       text2        000000
__Htext20                      text20       000000
__Htext21                      text21       000000
__Htext22                      text22       000000
__Htext23                      text23       000000
__Htext24                      text24       000000
__Htext25                      text25       000000
__Htext26                      text26       000000
__Htext27                      text27       000000
__Htext28                      text28       000000
__Htext29                      text29       000000
__Htext3                       text3        000000
__Htext30                      text30       000000
__Htext31                      text31       000000
__Htext32                      text32       000000
__Htext33                      text33       000000
__Htext34                      text34       000000
__Htext35                      text35       000000
__Htext36                      text36       000000
__Htext37                      text37       000000
__Htext38                      text38       000000
__Htext39                      text39       000000
__Htext4                       text4        000000
__Htext40                      text40       000000
__Htext41                      text41       000000
__Htext42                      text42       000000
__Htext43                      text43       000000
__Htext44                      text44       000000
__Htext45                      text45       000000
__Htext46                      text46       000000
__Htext47                      text47       000000
__Htext48                      text48       000000
__Htext49                      text49       000000
__Htext5                       text5        000000
__Htext50                      text50       000000
__Htext51                      text51       000000
__Htext52                      text52       000000
__Htext53                      text53       000000
__Htext54                      text54       000000
__Htext55                      text55       000000
__Htext56                      text56       000000
__Htext57                      text57       000000
__Htext58                      text58       000000
__Htext59                      text59       000000
__Htext6                       text6        000000
__Htext60                      text60       000000
__Htext61                      text61       000000
__Htext62                      text62       000000
__Htext63                      text63       000000
__Htext64                      text64       000000
__Htext65                      text65       000000
__Htext66                      text66       000000
__Htext67                      text67       000000
__Htext68                      text68       000000
__Htext69                      text69       000000
__Htext7                       text7        000000
__Htext70                      text70       000000
__Htext71                      text71       000000
__Htext72                      text72       000000
__Htext73                      text73       000000
__Htext74                      text74       000000
__Htext8                       text8        000000
__Htext9                       text9        000000
__LRAM                         (abs)        000001
__L__absolute__                __absolute__ 000000
__Labs1                        abs1         000000
__Lbank0                       bank0        000000
__Lbank1                       bank1        000000
__Lbank10                      bank10       000000
__Lbank11                      bank11       000000
__Lbank12                      bank12       000000
__Lbank13                      bank13       000000
__Lbank2                       bank2        000000
__Lbank3                       bank3        000000
__Lbank4                       bank4        000000
__Lbank5                       bank5        000000
__Lbank6                       bank6        000000
__Lbank7                       bank7        000000
__Lbank8                       bank8        000000
__Lbank9                       bank9        000000
__Lbigbss                      bigbss       000000
__Lbigdata                     bigdata      000000
__Lbigram                      bigram       000000
__Lbigsfr                      bigsfr       000000
__Lbss                         bss          000000
__LbssBANK0                    bssBANK0     000000
__LbssBANK1                    bssBANK1     000000
__LbssBANK2                    bssBANK2     000000
__LbssCOMRAM                   bssCOMRAM    000000
__Lcinit                       cinit        000000
__Lclrtext                     clrtext      000000
__Lcomram                      comram       000000
__Lconfig                      config       000000
__Lconst                       const        000000
__LcstackBANK0                 cstackBANK0  000000
__LcstackCOMRAM                cstackCOMRAM 000000
__Ldata                        data         000000
__LdataBANK0                   dataBANK0    000000
__Leeprom_data                 eeprom_data  000000
__Lfarbss                      farbss       000000
__Lfardata                     fardata      000000
__Lheap                        heap         000000
__Libigdata                    ibigdata     000000
__Lidata                       idata        000000
__LidataBANK0                  idataBANK0   000000
__Lidloc                       idloc        000000
__Lifardata                    ifardata     000000
__Linit                        init         00003A
__Lintcode                     intcode      000004
__Lintcode_body                intcode_body 000000
__Lintcodelo                   intcodelo    000018
__Lintentry                    intentry     000000
__Lintret                      intret       000000
__Lintsave_regs                intsave_regs 000000
__Lirdata                      irdata       000000
__Lmediumconst                 mediumconst  000000
__LnvFARRAM                    nvFARRAM     000000
__Lnvbit                       nvbit        000000
__Lnvrram                      nvrram       000000
__Lparam                       rparam       000000
__Lpowerup                     powerup      00003A
__Lram                         ram          000000
__Lramtop                      ramtop       000E00
__Lrbit                        rbit         000000
__Lrbss                        rbss         000000
__Lrdata                       rdata        000000
__Lreset_vec                   reset_vec    000000
__Lrparam                      rparam       000000
__Lsfr                         sfr          000000
__Lsmallconst                  smallconst   000E00
__Lspace_0                     (abs)        000000
__Lspace_1                     (abs)        000000
__Lspace_2                     (abs)        000000
__Lspace_4                     (abs)        000000
__Lstack                       stack        000000
__Lstruct                      struct       000000
__Ltemp                        temp         00005B
__Ltext                        text         000000
__Ltext0                       text0        000000
__Ltext1                       text1        000000
__Ltext10                      text10       000000
__Ltext11                      text11       000000
__Ltext12                      text12       000000
__Ltext13                      text13       000000
__Ltext14                      text14       000000
__Ltext15                      text15       000000
__Ltext16                      text16       000000
__Ltext17                      text17       000000
__Ltext18                      text18       000000
__Ltext19                      text19       000000
__Ltext2                       text2        000000
__Ltext20                      text20       000000
__Ltext21                      text21       000000
__Ltext22                      text22       000000
__Ltext23                      text23       000000
__Ltext24                      text24       000000
__Ltext25                      text25       000000
__Ltext26                      text26       000000
__Ltext27                      text27       000000
__Ltext28                      text28       000000
__Ltext29                      text29       000000
__Ltext3                       text3        000000
__Ltext30                      text30       000000
__Ltext31                      text31       000000
__Ltext32                      text32       000000
__Ltext33                      text33       000000
__Ltext34                      text34       000000
__Ltext35                      text35       000000
__Ltext36                      text36       000000
__Ltext37                      text37       000000
__Ltext38                      text38       000000
__Ltext39                      text39       000000
__Ltext4                       text4        000000
__Ltext40                      text40       000000
__Ltext41                      text41       000000
__Ltext42                      text42       000000
__Ltext43                      text43       000000
__Ltext44                      text44       000000
__Ltext45                      text45       000000
__Ltext46                      text46       000000
__Ltext47                      text47       000000
__Ltext48                      text48       000000
__Ltext49                      text49       000000
__Ltext5                       text5        000000
__Ltext50                      text50       000000
__Ltext51                      text51       000000
__Ltext52                      text52       000000
__Ltext53                      text53       000000
__Ltext54                      text54       000000
__Ltext55                      text55       000000
__Ltext56                      text56       000000
__Ltext57                      text57       000000
__Ltext58                      text58       000000
__Ltext59                      text59       000000
__Ltext6                       text6        000000
__Ltext60                      text60       000000
__Ltext61                      text61       000000
__Ltext62                      text62       000000
__Ltext63                      text63       000000
__Ltext64                      text64       000000
__Ltext65                      text65       000000
__Ltext66                      text66       000000
__Ltext67                      text67       000000
__Ltext68                      text68       000000
__Ltext69                      text69       000000
__Ltext7                       text7        000000
__Ltext70                      text70       000000
__Ltext71                      text71       000000
__Ltext72                      text72       000000
__Ltext73                      text73       000000
__Ltext74                      text74       000000
__Ltext8                       text8        000000
__Ltext9                       text9        000000
__S0                           (abs)        0048E1
__S1                           (abs)        000264
__S4                           (abs)        000000
__S5                           (abs)        000000
___aldiv                       text8        00344A
___aldiv@counter               cstackCOMRAM 000016
___aldiv@dividend              cstackCOMRAM 00000E
___aldiv@divisor               cstackCOMRAM 000012
___aldiv@quotient              cstackCOMRAM 000018
___aldiv@sign                  cstackCOMRAM 000017
___awdiv                       text61       003936
___awdiv@counter               cstackCOMRAM 000006
___awdiv@dividend              cstackCOMRAM 000002
___awdiv@divisor               cstackCOMRAM 000004
___awdiv@quotient              cstackCOMRAM 000008
___awdiv@sign                  cstackCOMRAM 000007
___awmod                       text60       0039FA
___awmod@counter               cstackCOMRAM 000006
___awmod@dividend              cstackCOMRAM 000002
___awmod@divisor               cstackCOMRAM 000004
___awmod@sign                  cstackCOMRAM 000007
___fladd                       text14       001658
___fladd@a                     cstackCOMRAM 000006
___fladd@aexp                  cstackCOMRAM 00000F
___fladd@b                     cstackCOMRAM 000002
___fladd@bexp                  cstackCOMRAM 000010
___fladd@grs                   cstackCOMRAM 000011
___fladd@signs                 cstackCOMRAM 00000E
___fldiv                       text18       0023A8
___fldiv@a                     cstackCOMRAM 00001F
___fldiv@aexp                  cstackCOMRAM 000033
___fldiv@b                     cstackCOMRAM 00001B
___fldiv@bexp                  cstackCOMRAM 000032
___fldiv@grs                   cstackCOMRAM 00002E
___fldiv@new_exp               cstackCOMRAM 00002C
___fldiv@rem                   cstackCOMRAM 000027
___fldiv@sign                  cstackCOMRAM 00002B
___fleq                        text17       003B58
___fleq@ff1                    cstackCOMRAM 000002
___fleq@ff2                    cstackCOMRAM 000006
___flge                        text16       00365C
___flge@ff1                    cstackCOMRAM 000002
___flge@ff2                    cstackCOMRAM 000006
___flmul                       text15       001F7E
___flmul@a                     cstackCOMRAM 000006
___flmul@aexp                  cstackCOMRAM 00000F
___flmul@b                     cstackCOMRAM 000002
___flmul@bexp                  cstackCOMRAM 000014
___flmul@grs                   cstackCOMRAM 000010
___flmul@prod                  cstackCOMRAM 000015
___flmul@sign                  cstackCOMRAM 00000E
___flmul@temp                  cstackCOMRAM 000019
___flsub                       text13       0041F0
___flsub@a                     cstackCOMRAM 000016
___flsub@b                     cstackCOMRAM 000012
___fltol                       text12       003556
___fltol@exp1                  cstackCOMRAM 00003D
___fltol@f1                    cstackCOMRAM 000034
___fltol@sign1                 cstackCOMRAM 00003C
___heap_hi                     (abs)        000000
___heap_lo                     (abs)        000000
___inthi_sp                    stack        000000
___inthi_stack_hi              stack        000000
___inthi_stack_lo              stack        000000
___intlo_sp                    stack        000000
___intlo_stack_hi              stack        000000
___intlo_stack_lo              stack        000000
___lmul                        text7        004046
___lmul@multiplicand           cstackCOMRAM 000006
___lmul@multiplier             cstackCOMRAM 000002
___lmul@product                cstackCOMRAM 00000A
___lwdiv                       text42       003FD2
___lwdiv@counter               cstackCOMRAM 00000C
___lwdiv@dividend              cstackCOMRAM 000008
___lwdiv@divisor               cstackCOMRAM 00000A
___lwdiv@quotient              cstackCOMRAM 00000D
___param_bank                  (abs)        000000
___rparam_used                 (abs)        000001
___sp                          stack        000000
___stack_hi                    stack        000000
___stack_lo                    stack        000000
___wmul                        text53       0047FE
___wmul@multiplicand           cstackCOMRAM 000004
___wmul@multiplier             cstackCOMRAM 000002
___wmul@product                cstackCOMRAM 000006
___xxtofl                      text11       002BD4
___xxtofl@arg                  cstackCOMRAM 00000C
___xxtofl@exp                  cstackCOMRAM 00000B
___xxtofl@sign                 cstackCOMRAM 00000A
___xxtofl@val                  cstackCOMRAM 000002
__accesstop                    (abs)        000060
__activetblptr                 (abs)        000003
__end_of_ADC_init              text74       00489A
__end_of_I2C_2_Master_Idle     text73       0047FE
__end_of_I2C_2_Master_Init     text46       0047D6
__end_of_I2C_2_Master_Read     text72       004340
__end_of_I2C_2_Master_RepStart text71       0048DC
__end_of_I2C_2_Master_Start    text70       0048D2
__end_of_I2C_2_Master_Stop     text69       0048C8
__end_of_I2C_2_Master_Write    text68       0048BE
__end_of_LowISR                intcodelo    00003A
__end_of___aldiv               text8        003556
__end_of___awdiv               text61       0039FA
__end_of___awmod               text60       003AAA
__end_of___fladd               text14       001B18
__end_of___fldiv               text18       002742
__end_of___fleq                text17       003C02
__end_of___flge                text16       003760
__end_of___flmul               text15       0023A8
__end_of___flsub               text13       004236
__end_of___fltol               text12       00365C
__end_of___lmul                text7        0040B0
__end_of___lwdiv               text42       004046
__end_of___wmul                text53       004824
__end_of___xxtofl              text11       002D88
__end_of__initialization       cinit        0042B2
__end_of_abs                   text59       004492
__end_of_backHalf              text38       0047AC
__end_of_backOneAndHalf        text27       00458C
__end_of_calibration_routine   text47       002BD4
__end_of_color_click_init      text44       00442A
__end_of_color_read_Blue       text67       0041F0
__end_of_color_read_Clear      text66       0041A0
__end_of_color_read_Green      text65       004150
__end_of_color_read_Red        text64       004100
__end_of_color_writetoaddr     text45       004844
__end_of_convert_rgb2hue       text10       001658
__end_of_customDelayMs         text5        0043F6
__end_of_decision              text22       00298E
__end_of_dtoa                  text54       003088
__end_of_fputc                 text57       003CAC
__end_of_fputs                 text56       004380
__end_of_fullSpeedAhead        text4        0048DE
__end_of_fullSpeedBack         text40       003FD2
__end_of_get16bitTMR0val       text21       0043BE
__end_of_initDCmotorsPWM       text20       003DD2
__end_of_initUSART4            text19       004862
__end_of_left135               text32       004654
__end_of_left90                text34       00477C
__end_of_logAction             text43       00427A
__end_of_main                  text0        001F7E
__end_of_moveBlue              text35       0046B8
__end_of_moveGreen             text33       004686
__end_of_moveLightBlue         text31       004622
__end_of_moveOrange            text28       0045BE
__end_of_movePink              text26       00455A
__end_of_moveRed               text24       004528
__end_of_moveWhite             text6        0044C4
__end_of_moveYellow            text23       0044F6
__end_of_pad                   text55       003D42
__end_of_putch                 text58       0048E0
__end_of_read_prec_or_width    text52       003B58
__end_of_reading_hue           text9        003936
__end_of_returnHome            text1        00344A
__end_of_reverseStraight       text3        00384C
__end_of_reverseTurn           text2        0031E6
__end_of_right135              text29       0045F0
__end_of_right90               text25       00474C
__end_of_send2USART            text48       004880
__end_of_sendCharSerial4       text63       0048B2
__end_of_sendStringSerial4     text62       00471C
__end_of_setMotorPWM           text41       00333A
__end_of_sprintf               text49       00445E
__end_of_stop                  text39       003E60
__end_of_turn180               text36       0046EA
__end_of_turnLeft              text37       003F5C
__end_of_turnRight             text30       003EDE
__end_of_vfpfcnvrt             text51       002F10
__end_of_vfprintf              text50       0042FE
__initialization               cinit        00427A
__mediumconst                  mediumconst  000000
__pbssBANK0                    bssBANK0     0000AC
__pbssBANK1                    bssBANK1     000100
__pbssBANK2                    bssBANK2     000200
__pbssCOMRAM                   bssCOMRAM    00005A
__pcinit                       cinit        00427A
__pcstackBANK0                 cstackBANK0  000060
__pcstackCOMRAM                cstackCOMRAM 000001
__pdataBANK0                   dataBANK0    0000EF
__pidataBANK0                  idataBANK0   0048E0
__pintcodelo                   intcodelo    000018
__psmallconst                  smallconst   000E00
__ptext0                       text0        001B18
__ptext1                       text1        00333A
__ptext10                      text10       000EC6
__ptext11                      text11       002BD4
__ptext12                      text12       003556
__ptext13                      text13       0041F0
__ptext14                      text14       001658
__ptext15                      text15       001F7E
__ptext16                      text16       00365C
__ptext17                      text17       003B58
__ptext18                      text18       0023A8
__ptext19                      text19       004844
__ptext2                       text2        003088
__ptext20                      text20       003D42
__ptext21                      text21       004380
__ptext22                      text22       002742
__ptext23                      text23       0044C4
__ptext24                      text24       0044F6
__ptext25                      text25       00471C
__ptext26                      text26       004528
__ptext27                      text27       00455A
__ptext28                      text28       00458C
__ptext29                      text29       0045BE
__ptext3                       text3        003760
__ptext30                      text30       003E60
__ptext31                      text31       0045F0
__ptext32                      text32       004622
__ptext33                      text33       004654
__ptext34                      text34       00474C
__ptext35                      text35       004686
__ptext36                      text36       0046B8
__ptext37                      text37       003EDE
__ptext38                      text38       00477C
__ptext39                      text39       003DD2
__ptext4                       text4        0048DC
__ptext40                      text40       003F5C
__ptext41                      text41       0031E6
__ptext42                      text42       003FD2
__ptext43                      text43       004236
__ptext44                      text44       0043F6
__ptext45                      text45       004824
__ptext46                      text46       0047AC
__ptext47                      text47       00298E
__ptext48                      text48       004862
__ptext49                      text49       00442A
__ptext5                       text5        0043BE
__ptext50                      text50       0042BC
__ptext51                      text51       002D88
__ptext52                      text52       003AAA
__ptext53                      text53       0047FE
__ptext54                      text54       002F10
__ptext55                      text55       003CAC
__ptext56                      text56       004340
__ptext57                      text57       003C02
__ptext58                      text58       0048DE
__ptext59                      text59       00445E
__ptext6                       text6        004492
__ptext60                      text60       0039FA
__ptext61                      text61       003936
__ptext62                      text62       0046EA
__ptext63                      text63       00489A
__ptext64                      text64       0040B0
__ptext65                      text65       004100
__ptext66                      text66       004150
__ptext67                      text67       0041A0
__ptext68                      text68       0048B2
__ptext69                      text69       0048BE
__ptext7                       text7        004046
__ptext70                      text70       0048C8
__ptext71                      text71       0048D2
__ptext72                      text72       0042FE
__ptext73                      text73       0047D6
__ptext74                      text74       004880
__ptext8                       text8        00344A
__ptext9                       text9        00384C
__ramtop                       ramtop       000E00
__smallconst                   smallconst   000E00
_abs                           text59       00445E
_action                        bssBANK1     00013C
_backHalf                      text38       00477C
_backOneAndHalf                text27       00455A
_calibration_routine           text47       00298E
_colorCalibration              bssBANK0     0000D3
_colorCurrent                  bssBANK0     0000C9
_color_click_init              text44       0043F6
_color_read_Blue               text67       0041A0
_color_read_Clear              text66       004150
_color_read_Green              text65       004100
_color_read_Red                text64       0040B0
_color_writetoaddr             text45       004824
_convert_rgb2hue               text10       000EC6
_convert_rgb2hue$432           cstackBANK0  000080
_convert_rgb2hue$433           cstackBANK0  000084
_convert_rgb2hue$434           cstackBANK0  000088
_convert_rgb2hue$435           cstackBANK0  00008C
_customDelayMs                 text5        0043BE
_dataFlag                      dataBANK0    0000EF
_dbuf                          bssBANK1     000182
_decision                      text22       002742
_dtoa                          text54       002F10
_dtoa$3069                     cstackCOMRAM 00001B
_flags                         bssBANK0     0000C4
_fputc                         text57       003C02
_fputs                         text56       004340
_fullSpeedAhead                text4        0048DC
_fullSpeedBack                 text40       003F5C
_get16bitTMR0val               text21       004380
_initDCmotorsPWM               text20       003D42
_initUSART4                    text19       004844
_ldrReadings                   bssBANK1     00016E
_left135                       text32       004622
_left90                        text34       00474C
_logAction                     text43       004236
_main                          text0        001B18
_motorL                        bssBANK0     0000E6
_motorR                        bssBANK0     0000DD
_moveBlue                      text35       004686
_moveGreen                     text33       004654
_moveLightBlue                 text31       0045F0
_moveOrange                    text28       00458C
_movePink                      text26       004528
_moveRed                       text24       0044F6
_moveWhite                     text6        004492
_moveYellow                    text23       0044C4
_pad                           text55       003CAC
_prec                          bssBANK0     0000C2
_putch                         text58       0048DE
_read_prec_or_width            text52       003AAA
_readingIndex                  bssBANK0     0000C5
_reading_hue                   text9        00384C
_returnHome                    text1        00333A
_reverseStraight               text3        003760
_reverseTurn                   text2        003088
_right135                      text29       0045BE
_right90                       text25       00471C
_send2USART                    text48       004862
_sendCharSerial4               text63       00489A
_sendStringSerial4             text62       0046EA
_setMotorPWM                   text41       0031E6
_sprintf                       text49       00442A
_stop                          text39       003DD2
_time                          bssBANK2     000200
_turn180                       text36       0046B8
_turnLeft                      text37       003EDE
_turnRight                     text30       003E60
_vfpfcnvrt                     text51       002D88
_vfprintf                      text50       0042BC
_width                         bssBANK0     0000C0
abs@a                          cstackCOMRAM 000008
backHalf@mL                    cstackCOMRAM 000019
backHalf@mR                    cstackCOMRAM 00001A
backOneAndHalf@mL              cstackCOMRAM 000019
backOneAndHalf@mR              cstackCOMRAM 00001A
btemp                          temp         00005B
calibration_routine@cCal       cstackCOMRAM 000047
calibration_routine@cal_state  cstackBANK0  000092
color_read_Blue@tmp            cstackCOMRAM 00000B
color_read_Clear@tmp           cstackCOMRAM 00000B
color_read_Green@tmp           cstackCOMRAM 00000B
color_read_Red@tmp             cstackCOMRAM 00000B
color_writetoaddr@address      cstackCOMRAM 000005
color_writetoaddr@value        cstackCOMRAM 000004
convert_rgb2hue@b              cstackBANK0  0000A8
convert_rgb2hue@bluecurrent    cstackBANK0  000070
convert_rgb2hue@bluemax        cstackBANK0  000074
convert_rgb2hue@cCurr          cstackCOMRAM 00003F
convert_rgb2hue@cMax           cstackCOMRAM 00003E
convert_rgb2hue@clearcurrent   cstackBANK0  000078
convert_rgb2hue@clearmax       cstackBANK0  00007C
convert_rgb2hue@diff           cstackBANK0  000094
convert_rgb2hue@g              cstackBANK0  0000A4
convert_rgb2hue@greencurrent   cstackBANK0  000068
convert_rgb2hue@greenmax       cstackBANK0  00006C
convert_rgb2hue@hue            cstackBANK0  00009C
convert_rgb2hue@max            cstackBANK0  000098
convert_rgb2hue@min            cstackBANK0  000090
convert_rgb2hue@r              cstackBANK0  0000A0
convert_rgb2hue@redcurrent     cstackBANK0  000060
convert_rgb2hue@redmax         cstackBANK0  000064
customDelayMs@i                cstackCOMRAM 000005
customDelayMs@milliseconds     cstackCOMRAM 000002
decision@hue                   cstackCOMRAM 000021
decision@path_step             cstackCOMRAM 000023
dtoa@d                         cstackCOMRAM 000019
dtoa@fp                        cstackCOMRAM 000018
dtoa@i                         cstackCOMRAM 000021
dtoa@p                         cstackCOMRAM 00001D
dtoa@s                         cstackCOMRAM 000020
dtoa@w                         cstackCOMRAM 00001E
end_of_initialization          cinit        0042B2
fputc@c                        cstackCOMRAM 000002
fputc@fp                       cstackCOMRAM 000004
fputs@c                        cstackCOMRAM 00000D
fputs@fp                       cstackCOMRAM 00000C
fputs@i                        cstackCOMRAM 00000E
fputs@s                        cstackCOMRAM 00000A
fullSpeedAhead@mL              cstackCOMRAM 000002
fullSpeedAhead@mR              cstackCOMRAM 000003
fullSpeedBack@mL               cstackCOMRAM 000014
fullSpeedBack@mR               cstackCOMRAM 000015
fullSpeedBack@power            cstackCOMRAM 000017
get16bitTMR0val@combined_value cstackCOMRAM 00000D
get16bitTMR0val@path_step      cstackCOMRAM 000007
initDCmotorsPWM@PWMperiod      cstackCOMRAM 000002
int$flags                      temp         00005B
intlevel0                      text         000000
intlevel1                      text         000000
intlevel2                      text         000000
intlevel3                      text         000000
isa$std                        (abs)        000001
isa$xinst                      (abs)        000000
left135@mL                     cstackCOMRAM 000019
left135@mR                     cstackCOMRAM 00001A
left90@mL                      cstackCOMRAM 000019
left90@mR                      cstackCOMRAM 00001A
logAction@newAction            cstackCOMRAM 000006
logAction@newTime              cstackCOMRAM 000002
logAction@path_step            cstackCOMRAM 000004
main@clear_current             cstackCOMRAM 00004E
main@clear_max                 cstackCOMRAM 000052
main@clear_norm                cstackCOMRAM 000058
main@hue                       cstackCOMRAM 00004C
main@path_step                 cstackCOMRAM 000056
moveBlue@mL                    cstackCOMRAM 00001D
moveBlue@mR                    cstackCOMRAM 00001E
moveGreen@mL                   cstackCOMRAM 00001D
moveGreen@mR                   cstackCOMRAM 00001E
moveLightBlue@mL               cstackCOMRAM 00001D
moveLightBlue@mR               cstackCOMRAM 00001E
moveOrange@mL                  cstackCOMRAM 00001D
moveOrange@mR                  cstackCOMRAM 00001E
movePink@mL                    cstackCOMRAM 00001D
movePink@mR                    cstackCOMRAM 00001E
moveRed@mL                     cstackCOMRAM 00001D
moveRed@mR                     cstackCOMRAM 00001E
moveWhite@mL                   cstackCOMRAM 00001D
moveWhite@mR                   cstackCOMRAM 00001E
moveYellow@mL                  cstackCOMRAM 00001D
moveYellow@mR                  cstackCOMRAM 00001E
pad@buf                        cstackCOMRAM 000011
pad@fp                         cstackCOMRAM 000010
pad@i                          cstackCOMRAM 000016
pad@p                          cstackCOMRAM 000013
read_prec_or_width@ap          cstackCOMRAM 000009
read_prec_or_width@c           cstackCOMRAM 00000A
read_prec_or_width@fmt         cstackCOMRAM 000008
read_prec_or_width@n           cstackCOMRAM 00000B
reading_hue@cCurr              cstackCOMRAM 000042
reading_hue@hue                cstackCOMRAM 000046
returnHome@action_turn         cstackCOMRAM 00002A
returnHome@i                   cstackCOMRAM 00002B
returnHome@mL                  cstackCOMRAM 000022
returnHome@mR                  cstackCOMRAM 000023
returnHome@path_step           cstackCOMRAM 000024
returnHome@time_ms             cstackCOMRAM 000026
reverseStraight@delayMs        cstackCOMRAM 00001F
reverseStraight@mL             cstackCOMRAM 000017
reverseStraight@mR             cstackCOMRAM 000018
reverseStraight@time_ms        cstackCOMRAM 000019
reverseTurn@actionStep         cstackCOMRAM 00001F
reverseTurn@mL                 cstackCOMRAM 00001D
reverseTurn@mR                 cstackCOMRAM 00001E
right135@mL                    cstackCOMRAM 000019
right135@mR                    cstackCOMRAM 00001A
right90@mL                     cstackCOMRAM 000019
right90@mR                     cstackCOMRAM 00001A
send2USART@hue                 cstackCOMRAM 000045
send2USART@hue_char            cstackBANK0  000060
sendCharSerial4@charToSend     cstackCOMRAM 000002
sendStringSerial4@string       cstackCOMRAM 000003
setMotorPWM@m                  cstackCOMRAM 00000F
setMotorPWM@negDuty            cstackCOMRAM 000013
setMotorPWM@posDuty            cstackCOMRAM 000012
sprintf@ap                     cstackCOMRAM 000038
sprintf@f                      cstackCOMRAM 000039
sprintf@fmt                    cstackCOMRAM 000033
sprintf@s                      cstackCOMRAM 000032
stackhi                        (abs)        000000
stacklo                        (abs)        000000
start                          init         00003A
start_initialization           cinit        00427A
stop@mL                        cstackCOMRAM 000014
stop@mR                        cstackCOMRAM 000015
ttemp5                         temp         00005C
ttemp6                         temp         00005F
ttemp7                         temp         000063
turn180@mL                     cstackCOMRAM 000019
turn180@mR                     cstackCOMRAM 00001A
turnLeft@i                     cstackCOMRAM 000017
turnLeft@mL                    cstackCOMRAM 000014
turnLeft@mR                    cstackCOMRAM 000015
turnRight@i                    cstackCOMRAM 000017
turnRight@mL                   cstackCOMRAM 000014
turnRight@mR                   cstackCOMRAM 000015
vfpfcnvrt@ap                   cstackCOMRAM 000025
vfpfcnvrt@convarg              cstackCOMRAM 000028
vfpfcnvrt@cp                   cstackCOMRAM 00002D
vfpfcnvrt@done                 cstackCOMRAM 00002C
vfpfcnvrt@fmt                  cstackCOMRAM 000024
vfpfcnvrt@fp                   cstackCOMRAM 000023
vfprintf@ap                    cstackCOMRAM 000030
vfprintf@cfmt                  cstackCOMRAM 000031
vfprintf@fmt                   cstackCOMRAM 00002F
vfprintf@fp                    cstackCOMRAM 00002E
wtemp8                         temp         00005C


MODULE INFORMATION

Module		Function		Class		Link	Load	Size
C:\Program Files\Microchip\xc8\v2.45\pic\sources\c99\common\aldiv.c
		___aldiv       		CODE           	344A	0000	268

C:\Program Files\Microchip\xc8\v2.45\pic\sources\c99\common\aldiv.c estimated size: 268

C:\Program Files\Microchip\xc8\v2.45\pic\sources\c99\common\Umul16.c
		___wmul        		CODE           	47FE	0000	38

C:\Program Files\Microchip\xc8\v2.45\pic\sources\c99\common\Umul16.c estimated size: 38

serial.c
		_sendStringSerial4		CODE           	46EA	0000	50
		_sendCharSerial4		CODE           	489A	0000	24
		_send2USART    		CODE           	4862	0000	30
		_initUSART4    		CODE           	4844	0000	30

serial.c estimated size: 134

timers.c
		_LowISR        		CODE           	0018	0000	34
		_get16bitTMR0val		CODE           	4380	0000	62

timers.c estimated size: 96

color.c
		_reading_hue   		CODE           	384C	0000	234
		_color_writetoaddr		CODE           	4824	0000	32
		_color_click_init		CODE           	43F6	0000	52
		_convert_rgb2hue		CODE           	0EC6	0000	1938
		_color_read_Green		CODE           	4100	0000	80
		_color_read_Clear		CODE           	4150	0000	80
		_color_read_Red		CODE           	40B0	0000	80
		_calibration_routine		CODE           	298E	0000	582
		_decision      		CODE           	2742	0000	588
		_color_read_Blue		CODE           	41A0	0000	80

color.c estimated size: 3746

C:\Program Files\Microchip\xc8\v2.45\pic\sources\c99\common\fleq.c
		___fleq        		CODE           	3B58	0000	170

C:\Program Files\Microchip\xc8\v2.45\pic\sources\c99\common\fleq.c estimated size: 170

return_func.c
		_customDelayMs 		CODE           	43BE	0000	56
		_reverseStraight		CODE           	3760	0000	236
		_returnHome    		CODE           	333A	0000	272
		_logAction     		CODE           	4236	0000	68
		_reverseTurn   		CODE           	3088	0000	350

return_func.c estimated size: 982

dc_motor.c
		_moveRed       		CODE           	44F6	0000	50
		_fullSpeedBack 		CODE           	3F5C	0000	118
		_left90        		CODE           	474C	0000	48
		_fullSpeedAhead		CODE           	48DC	0000	2
		_turnLeft      		CODE           	3EDE	0000	126
		_left135       		CODE           	4622	0000	50
		_stop          		CODE           	3DD2	0000	142
		_initDCmotorsPWM		CODE           	3D42	0000	144
		_turnRight     		CODE           	3E60	0000	126
		_moveGreen     		CODE           	4654	0000	50
		_moveWhite     		CODE           	4492	0000	50
		_moveBlue      		CODE           	4686	0000	50
		_setMotorPWM   		CODE           	31E6	0000	340
		_right90       		CODE           	471C	0000	48
		_moveLightBlue 		CODE           	45F0	0000	50
		_backHalf      		CODE           	477C	0000	48
		_moveYellow    		CODE           	44C4	0000	50
		_right135      		CODE           	45BE	0000	50
		_backOneAndHalf		CODE           	455A	0000	50
		_turn180       		CODE           	46B8	0000	50
		_moveOrange    		CODE           	458C	0000	50
		_movePink      		CODE           	4528	0000	50

dc_motor.c estimated size: 1742

i2c.c
		_I2C_2_Master_Start		CODE           	48C8	0000	10
		_I2C_2_Master_Read		CODE           	42FE	0000	66
		_I2C_2_Master_Idle		CODE           	47D6	0000	40
		_I2C_2_Master_Init		CODE           	47AC	0000	42
		_I2C_2_Master_Stop		CODE           	48BE	0000	10
		_I2C_2_Master_RepStart		CODE           	48D2	0000	10
		_I2C_2_Master_Write		CODE           	48B2	0000	12

i2c.c estimated size: 190

C:\Program Files\Microchip\xc8\v2.45\pic\sources\c99\common\Umul32.c
		___lmul        		CODE           	4046	0000	106

C:\Program Files\Microchip\xc8\v2.45\pic\sources\c99\common\Umul32.c estimated size: 106

C:\Program Files\Microchip\xc8\v2.45\pic\sources\c99\common\sprcmul.c
		___flmul       		CODE           	1F7E	0000	1066

C:\Program Files\Microchip\xc8\v2.45\pic\sources\c99\common\sprcmul.c estimated size: 1066

C:\Program Files\Microchip\xc8\v2.45\pic\sources\c99\common\nf_fputs.c
		_fputs         		CODE           	4340	0000	64

C:\Program Files\Microchip\xc8\v2.45\pic\sources\c99\common\nf_fputs.c estimated size: 64

C:\Program Files\Microchip\xc8\v2.45\pic\sources\c99\common\sprcdiv.c
		___fldiv       		CODE           	23A8	0000	922

C:\Program Files\Microchip\xc8\v2.45\pic\sources\c99\common\sprcdiv.c estimated size: 922

C:\Program Files\Microchip\xc8\v2.45\pic\sources\c99\common\nf_sprintf.c
		_sprintf       		CODE           	442A	0000	52

C:\Program Files\Microchip\xc8\v2.45\pic\sources\c99\common\nf_sprintf.c estimated size: 52

C:\Program Files\Microchip\xc8\v2.45\pic\sources\c99\common\awmod.c
		___awmod       		CODE           	39FA	0000	176

C:\Program Files\Microchip\xc8\v2.45\pic\sources\c99\common\awmod.c estimated size: 176

C:\Program Files\Microchip\xc8\v2.45\pic\sources\c99\common\putch.c
		_putch         		CODE           	48DE	0000	2

C:\Program Files\Microchip\xc8\v2.45\pic\sources\c99\common\putch.c estimated size: 2

C:\Program Files\Microchip\xc8\v2.45\pic\sources\c99\common\flge.c
		___flge        		CODE           	365C	0000	260

C:\Program Files\Microchip\xc8\v2.45\pic\sources\c99\common\flge.c estimated size: 260

shared
		__initialization		CODE           	427A	0000	56

shared estimated size: 56

C:\Program Files\Microchip\xc8\v2.45\pic\sources\c99\common\xxtofl.c
		___xxtofl      		CODE           	2BD4	0000	436

C:\Program Files\Microchip\xc8\v2.45\pic\sources\c99\common\xxtofl.c estimated size: 436

C:\Program Files\Microchip\xc8\v2.45\pic\sources\c99\common\abs.c
		_abs           		CODE           	445E	0000	52

C:\Program Files\Microchip\xc8\v2.45\pic\sources\c99\common\abs.c estimated size: 52

ADC.c
		_ADC_init      		CODE           	4880	0000	26

ADC.c estimated size: 26

C:\Program Files\Microchip\xc8\v2.45\pic\sources\c99\common\sprcadd.c
		___flsub       		CODE           	41F0	0000	70
		___fladd       		CODE           	1658	0000	1216

C:\Program Files\Microchip\xc8\v2.45\pic\sources\c99\common\sprcadd.c estimated size: 1286

main.c
		_main          		CODE           	1B18	0000	1126

main.c estimated size: 1126

C:\Program Files\Microchip\xc8\v2.45\pic\sources\c99\common\nf_fputc.c
		_fputc         		CODE           	3C02	0000	170

C:\Program Files\Microchip\xc8\v2.45\pic\sources\c99\common\nf_fputc.c estimated size: 170

C:\Program Files\Microchip\xc8\v2.45\pic\sources\c99\common\doprnt.c
		_read_prec_or_width		CODE           	3AAA	0000	174
		_vfpfcnvrt     		CODE           	2D88	0000	392
		_pad           		CODE           	3CAC	0000	150
		_dtoa          		CODE           	2F10	0000	376
		_vfprintf      		CODE           	42BC	0000	66

C:\Program Files\Microchip\xc8\v2.45\pic\sources\c99\common\doprnt.c estimated size: 1158

C:\Program Files\Microchip\xc8\v2.45\pic\sources\c99\common\lwdiv.c
		___lwdiv       		CODE           	3FD2	0000	116

C:\Program Files\Microchip\xc8\v2.45\pic\sources\c99\common\lwdiv.c estimated size: 116

C:\Program Files\Microchip\xc8\v2.45\pic\sources\c99\common\awdiv.c
		___awdiv       		CODE           	3936	0000	196

C:\Program Files\Microchip\xc8\v2.45\pic\sources\c99\common\awdiv.c estimated size: 196

C:\Program Files\Microchip\xc8\v2.45\pic\sources\c99\common\fltol.c
		___fltol       		CODE           	3556	0000	262

C:\Program Files\Microchip\xc8\v2.45\pic\sources\c99\common\fltol.c estimated size: 262

