Microchip MPLAB XC8 Compiler V2.45

Linker command line:

-W-3 \
  --edf=C:\Program Files\Microchip\xc8\v2.45\pic\dat\20230818022343_en.msgs \
  -cn \
  -h+dist/default/production\final-project-andres-oscar.X.production.sym \
  --cmf=dist/default/production\final-project-andres-oscar.X.production.cmf \
  -z -Q18F67K40 -oC:\Users\ablan\AppData\Local\Temp\xcAsb68.\driver_tmp_3.o \
  --defsym=__MPLAB_BUILD=1 --fixupoverflow=error \
  -Mdist/default/production/final-project-andres-oscar.X.production.map \
  --md=C:\Users\ablan\AppData\Local\Temp\xcAsb68.\driver_tmp_0.dat -E1 \
  -ver=XC8 Compiler --acfsm=1493 -ACODE=00h-01FFFFh -ACONST=00h-01FFFFh \
  -ASMALLCONST=0E00h-0EFFhx498 -AMEDIUMCONST=0E00h-0FFFFh,010E00h-01FFFFh \
  -ACOMRAM=01h-05Fh -AABS1=00h-0DE9h -ABIGRAM=01h-0DE9h \
  -ARAM=060h-0FFh,0100h-01FFhx12,0D00h-0DE9h -ABANK0=060h-0FFh \
  -ABANK1=0100h-01FFh -ABANK2=0200h-02FFh -ABANK3=0300h-03FFh \
  -ABANK4=0400h-04FFh -ABANK5=0500h-05FFh -ABANK6=0600h-06FFh \
  -ABANK7=0700h-07FFh -ABANK8=0800h-08FFh -ABANK9=0900h-09FFh \
  -ABANK10=0A00h-0AFFh -ABANK11=0B00h-0BFFh -ABANK12=0C00h-0CFFh \
  -ABANK13=0D00h-0DE9h \
  -ASFR=0DEFh-0DFFh,0E00h-0EFFh,0F00h-0F5Fh,0F60h-0FFFh \
  -ABIGSFR=0DEFh-0FFFh -ACONFIG=0300000h-030000Bh -AIDLOC=0200000h-020000Fh \
  -AEEDATA=0310000h-03103FFh -peeprom_data=EEDATA \
  -preset_vec=00h,intcode,intcodelo,powerup,init -pramtop=0E00h \
  -psmallconst=SMALLCONST -pmediumconst=MEDIUMCONST -pconst=CONST \
  -AFARRAM=00h-00h \
  -prdata=COMRAM,nvrram=COMRAM,nvbit=COMRAM,rbss=COMRAM,rbit=COMRAM \
  -pfarbss=FARRAM,fardata=FARRAM,nvFARRAM=FARRAM \
  -pintsave_regs=BIGRAM,bigbss=BIGRAM,bigdata=BIGRAM -pbss=RAM \
  -pidata=CODE,irdata=CODE,ibigdata=CODE,ifardata=CODE -prparam=COMRAM \
  C:\Users\ablan\AppData\Local\Temp\xcAsb68.\driver_tmp_14.o \
  dist/default/production\final-project-andres-oscar.X.production.o 

Object code version is 3.11

Machine type is 18F67K40



                Name                               Link     Load   Length Selector   Space Scale
C:\Users\ablan\AppData\Local\Temp\xcAsb68.\driver_tmp_14.o
                config                           300000   300000        6        0       4
                init                                  0        0        4        0       0
dist/default/production\final-project-andres-oscar.X.production.o
                config                           300000   300000        6        0       4
                mediumconst                        FEE2     FEE2      11E     7F71       0
                text55                            12D52    12D52       1A     8000       0
                text54                            12CA0    12CA0       28     8000       0
                text53                            129EC    129EC       42     8000       0
                text52                            12DA4    12DA4        A     8000       0
                text51                            12D9A    12D9A        A     8000       0
                text50                            12D90    12D90        A     8000       0
                text49                            12D84    12D84        C     8000       0
                text48                            12910    12910       50     8000       0
                text47                            128C0    128C0       50     8000       0
                text46                            12870    12870       50     8000       0
                text45                            12820    12820       50     8000       0
                text44                            12D6C    12D6C       18     8000       0
                text43                            12AAE    12AAE       38     8000       0
                text42                            1209C    1209C       C4     8000       0
                text41                            122D0    122D0       B0     8000       0
                text40                            12B1A    12B1A       34     8000       0
                text39                            12DAE    12DAE        2     8000       0
                text38                            12160    12160       BA     8000       0
                text37                            12A6E    12A6E       40     8000       0
                text36                            1242A    1242A       96     8000       0
                text35                            11AF6    11AF6      178     8000       0
                text34                            12CEE    12CEE       26     8000       0
                text33                            1221A    1221A       B6     8000       0
                text32                            1194E    1194E      1A8     8000       0
                text31                            129A6    129A6       46     8000       0
                text30                            12A2E    12A2E       40     8000       0
                text29                            1141A    1141A      1C8     8000       0
                text28                            12C76    12C76       2A     8000       0
                text27                            12D14    12D14       20     8000       0
                text26                            12AE6    12AE6       34     8000       0
                text25                            12750    12750       74     8000       0
                text24                            11C6E    11C6E      154     8000       0
                text23                            126DA    126DA       76     8000       0
                text22                            12550    12550       8E     8000       0
                text21                            12C46    12C46       30     8000       0
                text20                            1265C    1265C       7E     8000       0
                text19                            12BE4    12BE4       32     8000       0
                text18                            12BB2    12BB2       32     8000       0
                text17                            125DE    125DE       7E     8000       0
                text16                            12B80    12B80       32     8000       0
                text15                            12B4E    12B4E       32     8000       0
                text14                            127C4    127C4       5C     8000       0
                text13                            124C0    124C0       90     8000       0
                text12                            12D34    12D34       1E     8000       0
                text11                            11080    11080      39A     8000       0
                text10                            12380    12380       AA     8000       0
                text9                             11EC8    11EC8      104     8000       0
                text8                             10C56    10C56      42A     8000       0
                text7                             10796    10796      4C0     8000       0
                text6                             12960    12960       46     8000       0
                text5                             11DC2    11DC2      106     8000       0
                text4                             1179A    1179A      1B4     8000       0
                text3                             10000    10000      796     8000       0
                text2                             12CC8    12CC8       26     8000       0
                text1                             115E2    115E2      1B8     8000       0
                text0                             11FCC    11FCC       D0     8000       0
                cstackCOMRAM                          1        1       56        1       1
                cstackBANK0                          60       60       80       60       1
                cstackBANK1                         19C      19C       34      100       1
                bssBANK1                            100      100       9C      100       1
                dataBANK0                            FC       FC        1       60       1
                bssBANK0                             E0       E0       1C       60       1
                cinit                             12C16    12C16       30     8000       0
                idataBANK0                        12DB0    12DB0        1     8000       0

TOTAL           Name                               Link     Load   Length     Space
        CLASS   CODE           
                init                                  0        0        4         0
                text55                            12D52    12D52       1A         0
                text54                            12CA0    12CA0       28         0
                text53                            129EC    129EC       42         0
                text52                            12DA4    12DA4        A         0
                text51                            12D9A    12D9A        A         0
                text50                            12D90    12D90        A         0
                text49                            12D84    12D84        C         0
                text48                            12910    12910       50         0
                text47                            128C0    128C0       50         0
                text46                            12870    12870       50         0
                text45                            12820    12820       50         0
                text44                            12D6C    12D6C       18         0
                text43                            12AAE    12AAE       38         0
                text42                            1209C    1209C       C4         0
                text41                            122D0    122D0       B0         0
                text40                            12B1A    12B1A       34         0
                text39                            12DAE    12DAE        2         0
                text38                            12160    12160       BA         0
                text37                            12A6E    12A6E       40         0
                text36                            1242A    1242A       96         0
                text35                            11AF6    11AF6      178         0
                text34                            12CEE    12CEE       26         0
                text33                            1221A    1221A       B6         0
                text32                            1194E    1194E      1A8         0
                text31                            129A6    129A6       46         0
                text30                            12A2E    12A2E       40         0
                text29                            1141A    1141A      1C8         0
                text28                            12C76    12C76       2A         0
                text27                            12D14    12D14       20         0
                text26                            12AE6    12AE6       34         0
                text25                            12750    12750       74         0
                text24                            11C6E    11C6E      154         0
                text23                            126DA    126DA       76         0
                text22                            12550    12550       8E         0
                text21                            12C46    12C46       30         0
                text20                            1265C    1265C       7E         0
                text19                            12BE4    12BE4       32         0
                text18                            12BB2    12BB2       32         0
                text17                            125DE    125DE       7E         0
                text16                            12B80    12B80       32         0
                text15                            12B4E    12B4E       32         0
                text14                            127C4    127C4       5C         0
                text13                            124C0    124C0       90         0
                text12                            12D34    12D34       1E         0
                text11                            11080    11080      39A         0
                text10                            12380    12380       AA         0
                text9                             11EC8    11EC8      104         0
                text8                             10C56    10C56      42A         0
                text7                             10796    10796      4C0         0
                text6                             12960    12960       46         0
                text5                             11DC2    11DC2      106         0
                text4                             1179A    1179A      1B4         0
                text3                             10000    10000      796         0
                text2                             12CC8    12CC8       26         0
                text1                             115E2    115E2      1B8         0
                text0                             11FCC    11FCC       D0         0
                cinit                             12C16    12C16       30         0
                idataBANK0                        12DB0    12DB0        1         0

        CLASS   CONST          

        CLASS   SMALLCONST     

        CLASS   MEDIUMCONST    
                mediumconst                        FEE2     FEE2      11E         0

        CLASS   COMRAM         
                cstackCOMRAM                          1        1       56         1

        CLASS   ABS1           

        CLASS   BIGRAM         

        CLASS   RAM            

        CLASS   BANK0          
                cstackBANK0                          60       60       80         1
                dataBANK0                            FC       FC        1         1
                bssBANK0                             E0       E0       1C         1

        CLASS   BANK1          
                cstackBANK1                         19C      19C       34         1
                bssBANK1                            100      100       9C         1

        CLASS   BANK2          

        CLASS   BANK3          

        CLASS   BANK4          

        CLASS   BANK5          

        CLASS   BANK6          

        CLASS   BANK7          

        CLASS   BANK8          

        CLASS   BANK9          

        CLASS   BANK10         

        CLASS   BANK11         

        CLASS   BANK12         

        CLASS   BANK13         

        CLASS   SFR            

        CLASS   BIGSFR         

        CLASS   CONFIG         
                config                           300000   300000        6         4

        CLASS   IDLOC          

        CLASS   EEDATA         

        CLASS   FARRAM         

        CLASS   HEAP           

        CLASS   STACK          



SEGMENTS        Name                           Load    Length   Top    Selector   Space  Class

                reset_vec                      000000  000004  000004         0       0  CODE    
                cstackCOMRAM                   000001  000056  000057         1       1  COMRAM  
                cstackBANK0                    000060  00009D  0000FD        60       1  BANK0   
                bssBANK1                       000100  0000D0  0001D0       100       1  BANK1   
                mediumconst                    00FEE2  00011E  010000      7F71       0  MEDIUMCO
                text3                          010000  002DB1  012DB1      8000       0  CODE    


UNUSED ADDRESS RANGES

        Name                Unused          Largest block    Delta
        BANK0            0000FD-0000FF                3
        BANK1            0001D0-0001FF               30
        BANK10           000A00-000AFF              100
        BANK11           000B00-000BFF              100
        BANK12           000C00-000CFF              100
        BANK13           000D00-000DE9               EA
        BANK2            000200-0002FF              100
        BANK3            000300-0003FF              100
        BANK4            000400-0004FF              100
        BANK5            000500-0005FF              100
        BANK6            000600-0006FF              100
        BANK7            000700-0007FF              100
        BANK8            000800-0008FF              100
        BANK9            000900-0009FF              100
        BIGRAM           000057-00005F                9
                         0000FD-0000FF                3
                         0001D0-000DE9              C1A
        BIGSFR           000DEF-000FFF              211
        CODE             000004-00FEE1             FEDE
                         012DB1-01FFFF             D24F
        COMRAM           000057-00005F                9
        CONFIG           300006-30000B                6
        CONST            000004-00FEE1             FEDE
                         012DB1-01FFFF             D24F
        EEDATA           310000-3103FF              400
        IDLOC            200000-20000F               10
        MEDIUMCONST      000E00-00FEE1             F0E2
                         012DB1-01FFFF             D24F
        RAM              0000FD-0000FF                3
                         0001D0-000DE9              100
        SFR              000DEF-000FFF              100
        SMALLCONST       000E00-00FEE1              100
                         012DB1-01FFFF              100

                                  Symbol Table

?___awdiv                      cstackCOMRAM 000001
?___awmod                      cstackCOMRAM 000001
?___fladd                      cstackCOMRAM 000001
?___fldiv                      cstackCOMRAM 000019
?___flmul                      cstackCOMRAM 000001
?___flsub                      cstackCOMRAM 000011
?___fltol                      cstackCOMRAM 000001
?___lwdiv                      cstackCOMRAM 000007
?___wmul                       cstackCOMRAM 000001
?___xxtofl                     cstackCOMRAM 000001
?_abs                          cstackCOMRAM 000007
?_color_read_Blue              cstackCOMRAM 000005
?_color_read_Clear             cstackCOMRAM 000005
?_color_read_Green             cstackCOMRAM 000005
?_color_read_Red               cstackCOMRAM 000005
?_convert_rgb2hue              cstackCOMRAM 000049
?_read_prec_or_width           cstackCOMRAM 000007
?_sprintf                      cstackCOMRAM 000034
?_test                         cstackCOMRAM 00004F
?_vfprintf                     cstackCOMRAM 00002E
I2C_2_Master_Read@ack          cstackCOMRAM 000003
I2C_2_Master_Read@tmp          cstackCOMRAM 000004
I2C_2_Master_Write@data_byte   cstackCOMRAM 000002
_ADCON0bits                    (abs)        000F60
_ADC_init                      text55       012D52
_ADPCH                         (abs)        000F5F
_ADREFbits                     (abs)        000F58
_ADRESH                        (abs)        000F64
_ANSELDbits                    (abs)        000EA7
_ANSELFbits                    (abs)        000EB4
_BAUD4CONbits                  (abs)        000EE9
_CCP1CONbits                   (abs)        000FAB
_CCP2CONbits                   (abs)        000FA7
_CCP3CONbits                   (abs)        000F26
_CCP4CONbits                   (abs)        000F22
_CCPR1H                        (abs)        000FAA
_CCPR2H                        (abs)        000FA6
_CCPR3H                        (abs)        000F25
_CCPR4H                        (abs)        000F21
_CCPTMRS0bits                  (abs)        000FAD
_EUSART4RXbuf                  bssBANK1     000150
_EUSART4TXbuf                  bssBANK1     000100
_I2C_2_Master_Idle             text54       012CA0
_I2C_2_Master_Init             text28       012C76
_I2C_2_Master_Read             text53       0129EC
_I2C_2_Master_RepStart         text52       012DA4
_I2C_2_Master_Start            text51       012D9A
_I2C_2_Master_Stop             text50       012D90
_I2C_2_Master_Write            text49       012D84
_LATAbits                      (abs)        000F79
_LATCbits                      (abs)        000F7B
_LATDbits                      (abs)        000F7C
_LATEbits                      (abs)        000F7D
_LATFbits                      (abs)        000F7E
_LATGbits                      (abs)        000F7F
_LATHbits                      (abs)        000F80
_PIE4bits                      (abs)        000E2D
_PIR4bits                      (abs)        000E37
_PORTFbits                     (abs)        000F8E
_RC0PPS                        (abs)        000E62
_RC4REG                        (abs)        000EE3
_RC4STAbits                    (abs)        000EE7
_RC7PPS                        (abs)        000E69
_RD5PPS                        (abs)        000E6F
_RD6PPS                        (abs)        000E70
_RE2PPS                        (abs)        000E74
_RE4PPS                        (abs)        000E76
_RG6PPS                        (abs)        000E88
_RX4PPS                        (abs)        000E15
_RxBufReadCnt                  bssBANK0     0000E8
_RxBufWriteCnt                 bssBANK0     0000E9
_SP4BRGH                       (abs)        000EE6
_SP4BRGL                       (abs)        000EE5
_SSP2ADD                       (abs)        000ED6
_SSP2BUF                       (abs)        000ED5
_SSP2CLKPPS                    (abs)        000E1C
_SSP2CON1bits                  (abs)        000ED9
_SSP2CON2                      (abs)        000EDA
_SSP2CON2bits                  (abs)        000EDA
_SSP2DATPPS                    (abs)        000E1D
_SSP2STAT                      (abs)        000ED8
_T2CLKCONbits                  (abs)        000FBF
_T2CONbits                     (abs)        000FBD
_T2HLTbits                     (abs)        000FBE
_T2PR                          (abs)        000FBC
_TRISAbits                     (abs)        000F81
_TRISCbits                     (abs)        000F83
_TRISDbits                     (abs)        000F84
_TRISEbits                     (abs)        000F85
_TRISFbits                     (abs)        000F86
_TRISGbits                     (abs)        000F87
_TRISHbits                     (abs)        000F88
_TX4REG                        (abs)        000EE4
_TX4STAbits                    (abs)        000EE8
_TxBufReadCnt                  bssBANK0     0000E6
_TxBufWriteCnt                 bssBANK0     0000E7
__HRAM                         (abs)        000000
__H__absolute__                __absolute__ 000000
__Habs1                        abs1         000000
__Hbank0                       bank0        000000
__Hbank1                       bank1        000000
__Hbank10                      bank10       000000
__Hbank11                      bank11       000000
__Hbank12                      bank12       000000
__Hbank13                      bank13       000000
__Hbank2                       bank2        000000
__Hbank3                       bank3        000000
__Hbank4                       bank4        000000
__Hbank5                       bank5        000000
__Hbank6                       bank6        000000
__Hbank7                       bank7        000000
__Hbank8                       bank8        000000
__Hbank9                       bank9        000000
__Hbigbss                      bigbss       000000
__Hbigdata                     bigdata      000000
__Hbigram                      bigram       000000
__Hbigsfr                      bigsfr       000000
__Hbss                         bss          000000
__HbssBANK0                    bssBANK0     000000
__HbssBANK1                    bssBANK1     000000
__Hcinit                       cinit        000000
__Hclrtext                     clrtext      000000
__Hcomram                      comram       000000
__Hconfig                      config       300006
__Hconst                       const        000000
__HcstackBANK0                 cstackBANK0  000000
__HcstackBANK1                 cstackBANK1  000000
__HcstackCOMRAM                cstackCOMRAM 000000
__Hdata                        data         000000
__HdataBANK0                   dataBANK0    000000
__Heeprom_data                 eeprom_data  000000
__Hfarbss                      farbss       000000
__Hfardata                     fardata      000000
__Hheap                        heap         000000
__Hibigdata                    ibigdata     000000
__Hidata                       idata        000000
__HidataBANK0                  idataBANK0   000000
__Hidloc                       idloc        000000
__Hifardata                    ifardata     000000
__Hinit                        init         000004
__Hintcode                     intcode      000000
__Hintcode_body                intcode_body 000000
__Hintcodelo                   intcodelo    000000
__Hintentry                    intentry     000000
__Hintret                      intret       000000
__Hintsave_regs                intsave_regs 000000
__Hirdata                      irdata       000000
__Hmediumconst                 mediumconst  010000
__HnvFARRAM                    nvFARRAM     000000
__Hnvbit                       nvbit        000000
__Hnvrram                      nvrram       000000
__Hparam                       rparam       000000
__Hpowerup                     powerup      000000
__Hram                         ram          000000
__Hramtop                      ramtop       000E00
__Hrbit                        rbit         000000
__Hrbss                        rbss         000000
__Hrdata                       rdata        000000
__Hreset_vec                   reset_vec    000000
__Hrparam                      rparam       000000
__Hsfr                         sfr          000000
__Hsmallconst                  smallconst   000000
__Hspace_0                     (abs)        012DB1
__Hspace_1                     (abs)        0001D0
__Hspace_2                     (abs)        000000
__Hspace_4                     (abs)        600006
__Hstack                       stack        000000
__Hstruct                      struct       000000
__Htemp                        temp         000000
__Htext                        text         000000
__Htext0                       text0        000000
__Htext1                       text1        000000
__Htext10                      text10       000000
__Htext11                      text11       000000
__Htext12                      text12       000000
__Htext13                      text13       000000
__Htext14                      text14       000000
__Htext15                      text15       000000
__Htext16                      text16       000000
__Htext17                      text17       000000
__Htext18                      text18       000000
__Htext19                      text19       000000
__Htext2                       text2        000000
__Htext20                      text20       000000
__Htext21                      text21       000000
__Htext22                      text22       000000
__Htext23                      text23       000000
__Htext24                      text24       000000
__Htext25                      text25       000000
__Htext26                      text26       000000
__Htext27                      text27       000000
__Htext28                      text28       000000
__Htext29                      text29       000000
__Htext3                       text3        000000
__Htext30                      text30       000000
__Htext31                      text31       000000
__Htext32                      text32       000000
__Htext33                      text33       000000
__Htext34                      text34       000000
__Htext35                      text35       000000
__Htext36                      text36       000000
__Htext37                      text37       000000
__Htext38                      text38       000000
__Htext39                      text39       000000
__Htext4                       text4        000000
__Htext40                      text40       000000
__Htext41                      text41       000000
__Htext42                      text42       000000
__Htext43                      text43       000000
__Htext44                      text44       000000
__Htext45                      text45       000000
__Htext46                      text46       000000
__Htext47                      text47       000000
__Htext48                      text48       000000
__Htext49                      text49       000000
__Htext5                       text5        000000
__Htext50                      text50       000000
__Htext51                      text51       000000
__Htext52                      text52       000000
__Htext53                      text53       000000
__Htext54                      text54       000000
__Htext55                      text55       000000
__Htext6                       text6        000000
__Htext7                       text7        000000
__Htext8                       text8        000000
__Htext9                       text9        000000
__LRAM                         (abs)        000001
__L__absolute__                __absolute__ 000000
__Labs1                        abs1         000000
__Lbank0                       bank0        000000
__Lbank1                       bank1        000000
__Lbank10                      bank10       000000
__Lbank11                      bank11       000000
__Lbank12                      bank12       000000
__Lbank13                      bank13       000000
__Lbank2                       bank2        000000
__Lbank3                       bank3        000000
__Lbank4                       bank4        000000
__Lbank5                       bank5        000000
__Lbank6                       bank6        000000
__Lbank7                       bank7        000000
__Lbank8                       bank8        000000
__Lbank9                       bank9        000000
__Lbigbss                      bigbss       000000
__Lbigdata                     bigdata      000000
__Lbigram                      bigram       000000
__Lbigsfr                      bigsfr       000000
__Lbss                         bss          000000
__LbssBANK0                    bssBANK0     000000
__LbssBANK1                    bssBANK1     000000
__Lcinit                       cinit        000000
__Lclrtext                     clrtext      000000
__Lcomram                      comram       000000
__Lconfig                      config       000000
__Lconst                       const        000000
__LcstackBANK0                 cstackBANK0  000000
__LcstackBANK1                 cstackBANK1  000000
__LcstackCOMRAM                cstackCOMRAM 000000
__Ldata                        data         000000
__LdataBANK0                   dataBANK0    000000
__Leeprom_data                 eeprom_data  000000
__Lfarbss                      farbss       000000
__Lfardata                     fardata      000000
__Lheap                        heap         000000
__Libigdata                    ibigdata     000000
__Lidata                       idata        000000
__LidataBANK0                  idataBANK0   000000
__Lidloc                       idloc        000000
__Lifardata                    ifardata     000000
__Linit                        init         000000
__Lintcode                     intcode      000000
__Lintcode_body                intcode_body 000000
__Lintcodelo                   intcodelo    000000
__Lintentry                    intentry     000000
__Lintret                      intret       000000
__Lintsave_regs                intsave_regs 000000
__Lirdata                      irdata       000000
__Lmediumconst                 mediumconst  00FEE2
__LnvFARRAM                    nvFARRAM     000000
__Lnvbit                       nvbit        000000
__Lnvrram                      nvrram       000000
__Lparam                       rparam       000000
__Lpowerup                     powerup      000000
__Lram                         ram          000000
__Lramtop                      ramtop       000E00
__Lrbit                        rbit         000000
__Lrbss                        rbss         000000
__Lrdata                       rdata        000000
__Lreset_vec                   reset_vec    000000
__Lrparam                      rparam       000000
__Lsfr                         sfr          000000
__Lsmallconst                  smallconst   000000
__Lspace_0                     (abs)        000000
__Lspace_1                     (abs)        000000
__Lspace_2                     (abs)        000000
__Lspace_4                     (abs)        000000
__Lstack                       stack        000000
__Lstruct                      struct       000000
__Ltemp                        temp         000000
__Ltext                        text         000000
__Ltext0                       text0        000000
__Ltext1                       text1        000000
__Ltext10                      text10       000000
__Ltext11                      text11       000000
__Ltext12                      text12       000000
__Ltext13                      text13       000000
__Ltext14                      text14       000000
__Ltext15                      text15       000000
__Ltext16                      text16       000000
__Ltext17                      text17       000000
__Ltext18                      text18       000000
__Ltext19                      text19       000000
__Ltext2                       text2        000000
__Ltext20                      text20       000000
__Ltext21                      text21       000000
__Ltext22                      text22       000000
__Ltext23                      text23       000000
__Ltext24                      text24       000000
__Ltext25                      text25       000000
__Ltext26                      text26       000000
__Ltext27                      text27       000000
__Ltext28                      text28       000000
__Ltext29                      text29       000000
__Ltext3                       text3        000000
__Ltext30                      text30       000000
__Ltext31                      text31       000000
__Ltext32                      text32       000000
__Ltext33                      text33       000000
__Ltext34                      text34       000000
__Ltext35                      text35       000000
__Ltext36                      text36       000000
__Ltext37                      text37       000000
__Ltext38                      text38       000000
__Ltext39                      text39       000000
__Ltext4                       text4        000000
__Ltext40                      text40       000000
__Ltext41                      text41       000000
__Ltext42                      text42       000000
__Ltext43                      text43       000000
__Ltext44                      text44       000000
__Ltext45                      text45       000000
__Ltext46                      text46       000000
__Ltext47                      text47       000000
__Ltext48                      text48       000000
__Ltext49                      text49       000000
__Ltext5                       text5        000000
__Ltext50                      text50       000000
__Ltext51                      text51       000000
__Ltext52                      text52       000000
__Ltext53                      text53       000000
__Ltext54                      text54       000000
__Ltext55                      text55       000000
__Ltext6                       text6        000000
__Ltext7                       text7        000000
__Ltext8                       text8        000000
__Ltext9                       text9        000000
__S0                           (abs)        012DB1
__S1                           (abs)        0001D0
__S4                           (abs)        000000
__S5                           (abs)        000000
___awdiv                       text42       01209C
___awdiv@counter               cstackCOMRAM 000005
___awdiv@dividend              cstackCOMRAM 000001
___awdiv@divisor               cstackCOMRAM 000003
___awdiv@quotient              cstackCOMRAM 000007
___awdiv@sign                  cstackCOMRAM 000006
___awmod                       text41       0122D0
___awmod@counter               cstackCOMRAM 000005
___awmod@dividend              cstackCOMRAM 000001
___awmod@divisor               cstackCOMRAM 000003
___awmod@sign                  cstackCOMRAM 000006
___fladd                       text7        010796
___fladd@a                     cstackCOMRAM 000005
___fladd@aexp                  cstackCOMRAM 00000E
___fladd@b                     cstackCOMRAM 000001
___fladd@bexp                  cstackCOMRAM 00000F
___fladd@grs                   cstackCOMRAM 000010
___fladd@signs                 cstackCOMRAM 00000D
___fldiv                       text11       011080
___fldiv@a                     cstackCOMRAM 00001D
___fldiv@aexp                  cstackCOMRAM 000031
___fldiv@b                     cstackCOMRAM 000019
___fldiv@bexp                  cstackCOMRAM 000030
___fldiv@grs                   cstackCOMRAM 00002C
___fldiv@new_exp               cstackCOMRAM 00002A
___fldiv@rem                   cstackCOMRAM 000025
___fldiv@sign                  cstackCOMRAM 000029
___fleq                        text10       012380
___fleq@ff1                    cstackCOMRAM 000001
___fleq@ff2                    cstackCOMRAM 000005
___flge                        text9        011EC8
___flge@ff1                    cstackCOMRAM 000001
___flge@ff2                    cstackCOMRAM 000005
___flmul                       text8        010C56
___flmul@a                     cstackCOMRAM 000005
___flmul@aexp                  cstackCOMRAM 00000E
___flmul@b                     cstackCOMRAM 000001
___flmul@bexp                  cstackCOMRAM 000013
___flmul@grs                   cstackCOMRAM 00000F
___flmul@prod                  cstackCOMRAM 000014
___flmul@sign                  cstackCOMRAM 00000D
___flmul@temp                  cstackCOMRAM 000018
___flsub                       text6        012960
___flsub@a                     cstackCOMRAM 000015
___flsub@b                     cstackCOMRAM 000011
___fltol                       text5        011DC2
___fltol@exp1                  cstackCOMRAM 00000A
___fltol@f1                    cstackCOMRAM 000001
___fltol@sign1                 cstackCOMRAM 000009
___heap_hi                     (abs)        000000
___heap_lo                     (abs)        000000
___inthi_sp                    stack        000000
___inthi_stack_hi              stack        000000
___inthi_stack_lo              stack        000000
___intlo_sp                    stack        000000
___intlo_stack_hi              stack        000000
___intlo_stack_lo              stack        000000
___lwdiv                       text25       012750
___lwdiv@counter               cstackCOMRAM 00000B
___lwdiv@dividend              cstackCOMRAM 000007
___lwdiv@divisor               cstackCOMRAM 000009
___lwdiv@quotient              cstackCOMRAM 00000C
___param_bank                  (abs)        000000
___rparam_used                 (abs)        000001
___sp                          stack        000000
___stack_hi                    stack        000000
___stack_lo                    stack        000000
___wmul                        text34       012CEE
___wmul@multiplicand           cstackCOMRAM 000003
___wmul@multiplier             cstackCOMRAM 000001
___wmul@product                cstackCOMRAM 000005
___xxtofl                      text4        01179A
___xxtofl@arg                  cstackCOMRAM 00000B
___xxtofl@exp                  cstackCOMRAM 00000A
___xxtofl@sign                 cstackCOMRAM 000009
___xxtofl@val                  cstackCOMRAM 000001
__accesstop                    (abs)        000060
__activetblptr                 (abs)        000003
__end_of_ADC_init              text55       012D6C
__end_of_I2C_2_Master_Idle     text54       012CC8
__end_of_I2C_2_Master_Init     text28       012CA0
__end_of_I2C_2_Master_Read     text53       012A2E
__end_of_I2C_2_Master_RepStart text52       012DAE
__end_of_I2C_2_Master_Start    text51       012DA4
__end_of_I2C_2_Master_Stop     text50       012D9A
__end_of_I2C_2_Master_Write    text49       012D90
__end_of___awdiv               text42       012160
__end_of___awmod               text41       012380
__end_of___fladd               text7        010C56
__end_of___fldiv               text11       01141A
__end_of___fleq                text10       01242A
__end_of___flge                text9        011FCC
__end_of___flmul               text8        011080
__end_of___flsub               text6        0129A6
__end_of___fltol               text5        011EC8
__end_of___lwdiv               text25       0127C4
__end_of___wmul                text34       012D14
__end_of___xxtofl              text4        01194E
__end_of__initialization       cinit        012C40
__end_of_abs                   text40       012B4E
__end_of_backHalf              text21       012C76
__end_of_calibration_routine   text29       0115E2
__end_of_color_click_init      text26       012B1A
__end_of_color_read_Blue       text48       012960
__end_of_color_read_Clear      text47       012910
__end_of_color_read_Green      text46       0128C0
__end_of_color_read_Red        text45       012870
__end_of_color_writetoaddr     text27       012D34
__end_of_convert_rgb2hue       text3        010796
__end_of_decision              text14       012820
__end_of_dtoa                  text35       011C6E
__end_of_fputc                 text38       01221A
__end_of_fputs                 text37       012AAE
__end_of_fullSpeedBack         text23       012750
__end_of_initDCmotorsPWM       text13       012550
__end_of_initUSART4            text12       012D52
__end_of_left90                text19       012C16
__end_of_main                  text0        01209C
__end_of_moveGreen             text18       012BE4
__end_of_moveRed               text15       012B80
__end_of_pad                   text36       0124C0
__end_of_putch                 text39       012DB0
__end_of_read_prec_or_width    text33       0122D0
__end_of_right90               text16       012BB2
__end_of_send2USART            text2        012CEE
__end_of_sendCharSerial4       text44       012D84
__end_of_sendStringSerial4     text43       012AE6
__end_of_setMotorPWM           text24       011DC2
__end_of_sprintf               text30       012A6E
__end_of_stop                  text22       0125DE
__end_of_test                  text1        01179A
__end_of_turnLeft              text20       0126DA
__end_of_turnRight             text17       01265C
__end_of_vfpfcnvrt             text32       011AF6
__end_of_vfprintf              text31       0129EC
__initialization               cinit        012C16
__mediumconst                  mediumconst  00FEE2
__pbssBANK0                    bssBANK0     0000E0
__pbssBANK1                    bssBANK1     000100
__pcinit                       cinit        012C16
__pcstackBANK0                 cstackBANK0  000060
__pcstackBANK1                 cstackBANK1  00019C
__pcstackCOMRAM                cstackCOMRAM 000001
__pdataBANK0                   dataBANK0    0000FC
__pidataBANK0                  idataBANK0   012DB0
__pmediumconst                 mediumconst  00FEE2
__ptext0                       text0        011FCC
__ptext1                       text1        0115E2
__ptext10                      text10       012380
__ptext11                      text11       011080
__ptext12                      text12       012D34
__ptext13                      text13       0124C0
__ptext14                      text14       0127C4
__ptext15                      text15       012B4E
__ptext16                      text16       012B80
__ptext17                      text17       0125DE
__ptext18                      text18       012BB2
__ptext19                      text19       012BE4
__ptext2                       text2        012CC8
__ptext20                      text20       01265C
__ptext21                      text21       012C46
__ptext22                      text22       012550
__ptext23                      text23       0126DA
__ptext24                      text24       011C6E
__ptext25                      text25       012750
__ptext26                      text26       012AE6
__ptext27                      text27       012D14
__ptext28                      text28       012C76
__ptext29                      text29       01141A
__ptext3                       text3        010000
__ptext30                      text30       012A2E
__ptext31                      text31       0129A6
__ptext32                      text32       01194E
__ptext33                      text33       01221A
__ptext34                      text34       012CEE
__ptext35                      text35       011AF6
__ptext36                      text36       01242A
__ptext37                      text37       012A6E
__ptext38                      text38       012160
__ptext39                      text39       012DAE
__ptext4                       text4        01179A
__ptext40                      text40       012B1A
__ptext41                      text41       0122D0
__ptext42                      text42       01209C
__ptext43                      text43       012AAE
__ptext44                      text44       012D6C
__ptext45                      text45       012820
__ptext46                      text46       012870
__ptext47                      text47       0128C0
__ptext48                      text48       012910
__ptext49                      text49       012D84
__ptext5                       text5        011DC2
__ptext50                      text50       012D90
__ptext51                      text51       012D9A
__ptext52                      text52       012DA4
__ptext53                      text53       0129EC
__ptext54                      text54       012CA0
__ptext55                      text55       012D52
__ptext6                       text6        012960
__ptext7                       text7        010796
__ptext8                       text8        010C56
__ptext9                       text9        011EC8
__ramtop                       ramtop       000E00
__smallconst                   smallconst   000000
_abs                           text40       012B1A
_backHalf                      text21       012C46
_calibration_routine           text29       01141A
_colorCalibration              bssBANK1     000194
_colorCurrent                  bssBANK1     00018C
_color_click_init              text26       012AE6
_color_read_Blue               text48       012910
_color_read_Clear              text47       0128C0
_color_read_Green              text46       012870
_color_read_Red                text45       012820
_color_writetoaddr             text27       012D14
_convert_rgb2hue               text3        010000
_convert_rgb2hue$322           cstackBANK0  0000A8
_convert_rgb2hue$323           cstackBANK0  0000AC
_convert_rgb2hue$324           cstackBANK0  0000B0
_convert_rgb2hue$325           cstackBANK0  0000B4
_dataFlag                      dataBANK0    0000FC
_dbuf                          bssBANK1     00016C
_decision                      text14       0127C4
_dtoa                          text35       011AF6
_dtoa$2623                     cstackCOMRAM 00001A
_flags                         bssBANK0     0000E4
_fputc                         text38       012160
_fputs                         text37       012A6E
_fullSpeedBack                 text23       0126DA
_hue                           bssBANK1     000164
_initDCmotorsPWM               text13       0124C0
_initUSART4                    text12       012D34
_ldrReadings                   bssBANK1     00013C
_left90                        text19       012BE4
_main                          text0        011FCC
_motorL                        bssBANK0     0000F3
_motorR                        bssBANK0     0000EA
_moveGreen                     text18       012BB2
_moveRed                       text15       012B4E
_pad                           text36       01242A
_prec                          bssBANK0     0000E2
_putch                         text39       012DAE
_read_prec_or_width            text33       01221A
_readingIndex                  bssBANK0     0000E5
_right90                       text16       012B80
_send2USART                    text2        012CC8
_sendCharSerial4               text44       012D6C
_sendStringSerial4             text43       012AAE
_setMotorPWM                   text24       011C6E
_sprintf                       text30       012A2E
_stop                          text22       012550
_test                          text1        0115E2
_turnLeft                      text20       01265C
_turnRight                     text17       0125DE
_vfpfcnvrt                     text32       01194E
_vfprintf                      text31       0129A6
_width                         bssBANK0     0000E0
abs@a                          cstackCOMRAM 000007
backHalf@mL                    cstackCOMRAM 000018
backHalf@mR                    cstackCOMRAM 000019
calibration_routine@cCal       cstackCOMRAM 000049
calibration_routine@cal_state  cstackBANK0  000060
color_read_Blue@tmp            cstackCOMRAM 00000A
color_read_Clear@tmp           cstackCOMRAM 00000A
color_read_Green@tmp           cstackCOMRAM 00000A
color_read_Red@tmp             cstackCOMRAM 00000A
color_writetoaddr@address      cstackCOMRAM 000004
color_writetoaddr@value        cstackCOMRAM 000003
convert_rgb2hue@b              cstackBANK0  0000DC
convert_rgb2hue@bluecurrent    cstackBANK0  0000C0
convert_rgb2hue@bluemax        cstackBANK0  0000A4
convert_rgb2hue@cCurr          cstackCOMRAM 00004B
convert_rgb2hue@cMax           cstackCOMRAM 000049
convert_rgb2hue@char1          cstackBANK0  000060
convert_rgb2hue@char2          cstackBANK0  000074
convert_rgb2hue@char3          cstackBANK0  000088
convert_rgb2hue@diff           cstackBANK0  0000C8
convert_rgb2hue@g              cstackBANK0  0000D8
convert_rgb2hue@greencurrent   cstackBANK0  0000BC
convert_rgb2hue@greenmax       cstackBANK0  0000A0
convert_rgb2hue@hue            cstackBANK0  0000D0
convert_rgb2hue@max            cstackBANK0  0000CC
convert_rgb2hue@min            cstackBANK0  0000C4
convert_rgb2hue@r              cstackBANK0  0000D4
convert_rgb2hue@redcurrent     cstackBANK0  0000B8
convert_rgb2hue@redmax         cstackBANK0  00009C
decision@hue                   cstackCOMRAM 000020
dtoa@d                         cstackCOMRAM 000018
dtoa@fp                        cstackCOMRAM 000017
dtoa@i                         cstackCOMRAM 000020
dtoa@p                         cstackCOMRAM 00001C
dtoa@s                         cstackCOMRAM 00001F
dtoa@w                         cstackCOMRAM 00001D
end_of_initialization          cinit        012C40
fputc@c                        cstackCOMRAM 000001
fputc@fp                       cstackCOMRAM 000003
fputs@c                        cstackCOMRAM 00000C
fputs@fp                       cstackCOMRAM 00000B
fputs@i                        cstackCOMRAM 00000D
fputs@s                        cstackCOMRAM 000009
fullSpeedBack@mL               cstackCOMRAM 000013
fullSpeedBack@mR               cstackCOMRAM 000014
fullSpeedBack@power            cstackCOMRAM 000016
initDCmotorsPWM@PWMperiod      cstackCOMRAM 000001
intlevel0                      text         000000
intlevel1                      text         000000
intlevel2                      text         000000
intlevel3                      text         000000
isa$std                        (abs)        000001
isa$xinst                      (abs)        000000
left90@mL                      cstackCOMRAM 000018
left90@mR                      cstackCOMRAM 000019
main@hue                       cstackCOMRAM 000055
moveGreen@mL                   cstackCOMRAM 00001C
moveGreen@mR                   cstackCOMRAM 00001D
moveRed@mL                     cstackCOMRAM 00001C
moveRed@mR                     cstackCOMRAM 00001D
pad@buf                        cstackCOMRAM 000010
pad@fp                         cstackCOMRAM 00000F
pad@i                          cstackCOMRAM 000015
pad@p                          cstackCOMRAM 000012
read_prec_or_width@ap          cstackCOMRAM 000008
read_prec_or_width@c           cstackCOMRAM 000009
read_prec_or_width@fmt         cstackCOMRAM 000007
read_prec_or_width@n           cstackCOMRAM 00000A
right90@mL                     cstackCOMRAM 000018
right90@mR                     cstackCOMRAM 000019
send2USART@hue                 cstackCOMRAM 000049
send2USART@hue_char            cstackBANK0  000060
sendCharSerial4@charToSend     cstackCOMRAM 000001
sendStringSerial4@string       cstackCOMRAM 000002
setMotorPWM@m                  cstackCOMRAM 00000E
setMotorPWM@negDuty            cstackCOMRAM 000012
setMotorPWM@posDuty            cstackCOMRAM 000011
sprintf@ap                     cstackCOMRAM 00003C
sprintf@f                      cstackCOMRAM 00003D
sprintf@fmt                    cstackCOMRAM 000036
sprintf@s                      cstackCOMRAM 000034
stackhi                        (abs)        000000
stacklo                        (abs)        000000
start                          init         000000
start_initialization           cinit        012C16
stop@mL                        cstackCOMRAM 000013
stop@mR                        cstackCOMRAM 000014
test@cCurr                     cstackCOMRAM 00004F
test@hue                       cstackBANK1  0001CE
test@led_state                 cstackBANK1  00019C
turnLeft@i                     cstackCOMRAM 000016
turnLeft@mL                    cstackCOMRAM 000013
turnLeft@mR                    cstackCOMRAM 000014
turnRight@i                    cstackCOMRAM 000016
turnRight@mL                   cstackCOMRAM 000013
turnRight@mR                   cstackCOMRAM 000014
vfpfcnvrt@ap                   cstackCOMRAM 000024
vfpfcnvrt@convarg              cstackCOMRAM 000027
vfpfcnvrt@cp                   cstackCOMRAM 00002C
vfpfcnvrt@done                 cstackCOMRAM 00002B
vfpfcnvrt@fmt                  cstackCOMRAM 000023
vfpfcnvrt@fp                   cstackCOMRAM 000022
vfprintf@ap                    cstackCOMRAM 000031
vfprintf@cfmt                  cstackCOMRAM 000032
vfprintf@fmt                   cstackCOMRAM 00002F
vfprintf@fp                    cstackCOMRAM 00002E


MODULE INFORMATION

Module		Function		Class		Link	Load	Size
C:\Program Files\Microchip\xc8\v2.45\pic\sources\c99\common\Umul16.c
		___wmul        		CODE           	12CEE	0000	38

C:\Program Files\Microchip\xc8\v2.45\pic\sources\c99\common\Umul16.c estimated size: 38

serial.c
		_sendStringSerial4		CODE           	12AAE	0000	56
		_sendCharSerial4		CODE           	12D6C	0000	24
		_send2USART    		CODE           	12CC8	0000	38
		_initUSART4    		CODE           	12D34	0000	30

serial.c estimated size: 148

color.c
		_color_writetoaddr		CODE           	12D14	0000	32
		_color_click_init		CODE           	12AE6	0000	52
		_convert_rgb2hue		CODE           	10000	0000	1942
		_test          		CODE           	115E2	0000	440
		_color_read_Green		CODE           	12870	0000	80
		_color_read_Clear		CODE           	128C0	0000	80
		_color_read_Red		CODE           	12820	0000	80
		_calibration_routine		CODE           	1141A	0000	456
		_decision      		CODE           	127C4	0000	92
		_color_read_Blue		CODE           	12910	0000	80

color.c estimated size: 3334

C:\Program Files\Microchip\xc8\v2.45\pic\sources\c99\common\fleq.c
		___fleq        		CODE           	12380	0000	170

C:\Program Files\Microchip\xc8\v2.45\pic\sources\c99\common\fleq.c estimated size: 170

dc_motor.c
		_moveRed       		CODE           	12B4E	0000	50
		_fullSpeedBack 		CODE           	126DA	0000	118
		_left90        		CODE           	12BE4	0000	50
		_turnLeft      		CODE           	1265C	0000	126
		_stop          		CODE           	12550	0000	142
		_initDCmotorsPWM		CODE           	124C0	0000	144
		_turnRight     		CODE           	125DE	0000	126
		_moveGreen     		CODE           	12BB2	0000	50
		_setMotorPWM   		CODE           	11C6E	0000	340
		_right90       		CODE           	12B80	0000	50
		_backHalf      		CODE           	12C46	0000	48

dc_motor.c estimated size: 1244

i2c.c
		_I2C_2_Master_Start		CODE           	12D9A	0000	10
		_I2C_2_Master_Read		CODE           	129EC	0000	66
		_I2C_2_Master_Idle		CODE           	12CA0	0000	40
		_I2C_2_Master_Init		CODE           	12C76	0000	42
		_I2C_2_Master_Stop		CODE           	12D90	0000	10
		_I2C_2_Master_RepStart		CODE           	12DA4	0000	10
		_I2C_2_Master_Write		CODE           	12D84	0000	12

i2c.c estimated size: 190

C:\Program Files\Microchip\xc8\v2.45\pic\sources\c99\common\sprcmul.c
		___flmul       		CODE           	10C56	0000	1066

C:\Program Files\Microchip\xc8\v2.45\pic\sources\c99\common\sprcmul.c estimated size: 1066

C:\Program Files\Microchip\xc8\v2.45\pic\sources\c99\common\nf_fputs.c
		_fputs         		CODE           	12A6E	0000	64

C:\Program Files\Microchip\xc8\v2.45\pic\sources\c99\common\nf_fputs.c estimated size: 64

C:\Program Files\Microchip\xc8\v2.45\pic\sources\c99\common\sprcdiv.c
		___fldiv       		CODE           	11080	0000	922

C:\Program Files\Microchip\xc8\v2.45\pic\sources\c99\common\sprcdiv.c estimated size: 922

C:\Program Files\Microchip\xc8\v2.45\pic\sources\c99\common\nf_sprintf.c
		_sprintf       		CODE           	12A2E	0000	64

C:\Program Files\Microchip\xc8\v2.45\pic\sources\c99\common\nf_sprintf.c estimated size: 64

C:\Program Files\Microchip\xc8\v2.45\pic\sources\c99\common\awmod.c
		___awmod       		CODE           	122D0	0000	176

C:\Program Files\Microchip\xc8\v2.45\pic\sources\c99\common\awmod.c estimated size: 176

C:\Program Files\Microchip\xc8\v2.45\pic\sources\c99\common\putch.c
		_putch         		CODE           	12DAE	0000	2

C:\Program Files\Microchip\xc8\v2.45\pic\sources\c99\common\putch.c estimated size: 2

C:\Program Files\Microchip\xc8\v2.45\pic\sources\c99\common\flge.c
		___flge        		CODE           	11EC8	0000	260

C:\Program Files\Microchip\xc8\v2.45\pic\sources\c99\common\flge.c estimated size: 260

shared
		__initialization		CODE           	12C16	0000	42

shared estimated size: 42

C:\Program Files\Microchip\xc8\v2.45\pic\sources\c99\common\xxtofl.c
		___xxtofl      		CODE           	1179A	0000	436

C:\Program Files\Microchip\xc8\v2.45\pic\sources\c99\common\xxtofl.c estimated size: 436

C:\Program Files\Microchip\xc8\v2.45\pic\sources\c99\common\abs.c
		_abs           		CODE           	12B1A	0000	52

C:\Program Files\Microchip\xc8\v2.45\pic\sources\c99\common\abs.c estimated size: 52

ADC.c
		_ADC_init      		CODE           	12D52	0000	26

ADC.c estimated size: 26

C:\Program Files\Microchip\xc8\v2.45\pic\sources\c99\common\sprcadd.c
		___flsub       		CODE           	12960	0000	70
		___fladd       		CODE           	10796	0000	1216

C:\Program Files\Microchip\xc8\v2.45\pic\sources\c99\common\sprcadd.c estimated size: 1286

main.c
		_main          		CODE           	11FCC	0000	208

main.c estimated size: 208

C:\Program Files\Microchip\xc8\v2.45\pic\sources\c99\common\nf_fputc.c
		_fputc         		CODE           	12160	0000	186

C:\Program Files\Microchip\xc8\v2.45\pic\sources\c99\common\nf_fputc.c estimated size: 186

C:\Program Files\Microchip\xc8\v2.45\pic\sources\c99\common\doprnt.c
		_read_prec_or_width		CODE           	1221A	0000	182
		_vfpfcnvrt     		CODE           	1194E	0000	424
		_pad           		CODE           	1242A	0000	150
		_dtoa          		CODE           	11AF6	0000	376
		_vfprintf      		CODE           	129A6	0000	70

C:\Program Files\Microchip\xc8\v2.45\pic\sources\c99\common\doprnt.c estimated size: 1202

C:\Program Files\Microchip\xc8\v2.45\pic\sources\c99\common\lwdiv.c
		___lwdiv       		CODE           	12750	0000	116

C:\Program Files\Microchip\xc8\v2.45\pic\sources\c99\common\lwdiv.c estimated size: 116

C:\Program Files\Microchip\xc8\v2.45\pic\sources\c99\common\awdiv.c
		___awdiv       		CODE           	1209C	0000	196

C:\Program Files\Microchip\xc8\v2.45\pic\sources\c99\common\awdiv.c estimated size: 196

C:\Program Files\Microchip\xc8\v2.45\pic\sources\c99\common\fltol.c
		___fltol       		CODE           	11DC2	0000	262

C:\Program Files\Microchip\xc8\v2.45\pic\sources\c99\common\fltol.c estimated size: 262

